Archive member included to satisfy reference by file (symbol)

app/libapp.a(main.c.obj)      (--whole-archive)
app/libapp.a(flash_map_extended.c.obj)
                              (--whole-archive)
app/libapp.a(os.c.obj)        (--whole-archive)
app/libapp.a(keys.c.obj)      (--whole-archive)
app/libapp.a(image_validate.c.obj)
                              (--whole-archive)
app/libapp.a(tlv.c.obj)       (--whole-archive)
app/libapp.a(encrypted.c.obj)
                              (--whole-archive)
app/libapp.a(image_rsa.c.obj)
                              (--whole-archive)
app/libapp.a(image_ecdsa.c.obj)
                              (--whole-archive)
app/libapp.a(image_ed25519.c.obj)
                              (--whole-archive)
app/libapp.a(bootutil_misc.c.obj)
                              (--whole-archive)
app/libapp.a(fault_injection_hardening.c.obj)
                              (--whole-archive)
app/libapp.a(loader.c.obj)    (--whole-archive)
app/libapp.a(swap_misc.c.obj)
                              (--whole-archive)
app/libapp.a(swap_scratch.c.obj)
                              (--whole-archive)
app/libapp.a(swap_move.c.obj)
                              (--whole-archive)
app/libapp.a(caps.c.obj)      (--whole-archive)
app/libapp.a(asn1parse.c.obj)
                              (--whole-archive)
app/libapp.a(platform_util.c.obj)
                              (--whole-archive)
app/libapp.a(cc310_glue.c.obj)
                              (--whole-archive)
app/libapp.a(autogen-pubkey.c.obj)
                              (--whole-archive)
app/libapp.a(arm_cleanup.c.obj)
                              (--whole-archive)
app/libapp.a(nrf_cleanup.c.obj)
                              (--whole-archive)
zephyr/libzephyr.a(cbprintf_packaged.c.obj)
                              (--whole-archive)
zephyr/libzephyr.a(dec.c.obj)
                              (--whole-archive)
zephyr/libzephyr.a(fdtable.c.obj)
                              (--whole-archive)
zephyr/libzephyr.a(hex.c.obj)
                              (--whole-archive)
zephyr/libzephyr.a(printk.c.obj)
                              (--whole-archive)
zephyr/libzephyr.a(rb.c.obj)  (--whole-archive)
zephyr/libzephyr.a(sem.c.obj)
                              (--whole-archive)
zephyr/libzephyr.a(thread_entry.c.obj)
                              (--whole-archive)
zephyr/libzephyr.a(timeutil.c.obj)
                              (--whole-archive)
zephyr/libzephyr.a(heap.c.obj)
                              (--whole-archive)
zephyr/libzephyr.a(heap-validate.c.obj)
                              (--whole-archive)
zephyr/libzephyr.a(bitarray.c.obj)
                              (--whole-archive)
zephyr/libzephyr.a(multi_heap.c.obj)
                              (--whole-archive)
zephyr/libzephyr.a(onoff.c.obj)
                              (--whole-archive)
zephyr/libzephyr.a(notify.c.obj)
                              (--whole-archive)
zephyr/libzephyr.a(cbprintf_complete.c.obj)
                              (--whole-archive)
zephyr/libzephyr.a(cbprintf.c.obj)
                              (--whole-archive)
zephyr/libzephyr.a(assert.c.obj)
                              (--whole-archive)
zephyr/libzephyr.a(reboot.c.obj)
                              (--whole-archive)
zephyr/libzephyr.a(configs.c.obj)
                              (--whole-archive)
zephyr/libzephyr.a(soc_nrf_common.S.obj)
                              (--whole-archive)
zephyr/libzephyr.a(validate_base_addresses.c.obj)
                              (--whole-archive)
zephyr/libzephyr.a(validate_enabled_instances.c.obj)
                              (--whole-archive)
zephyr/libzephyr.a(flash_map.c.obj)
                              (--whole-archive)
zephyr/libzephyr.a(flash_map_layout.c.obj)
                              (--whole-archive)
zephyr/libzephyr.a(tracing_none.c.obj)
                              (--whole-archive)
zephyr/libzephyr.a(flash_map_partition_manager.c.obj)
                              (--whole-archive)
zephyr/libzephyr.a(nrf_cc3xx_platform_abort_zephyr.c.obj)
                              (--whole-archive)
zephyr/libzephyr.a(nrf_cc3xx_platform_no_mutex_zephyr.c.obj)
                              (--whole-archive)
zephyr/arch/common/libarch__common.a(sw_isr_common.c.obj)
                              (--whole-archive)
zephyr/arch/arch/arm/core/aarch32/libarch__arm__core__aarch32.a(cpu_idle.S.obj)
                              (--whole-archive)
zephyr/arch/arch/arm/core/aarch32/libarch__arm__core__aarch32.a(fatal.c.obj)
                              (--whole-archive)
zephyr/arch/arch/arm/core/aarch32/libarch__arm__core__aarch32.a(irq_manage.c.obj)
                              (--whole-archive)
zephyr/arch/arch/arm/core/aarch32/libarch__arm__core__aarch32.a(nmi.c.obj)
                              (--whole-archive)
zephyr/arch/arch/arm/core/aarch32/libarch__arm__core__aarch32.a(nmi_on_reset.S.obj)
                              (--whole-archive)
[...]
Memory Configuration

Name             Origin             Length             Attributes
FLASH            0x0000000000000000 0x0000000000007000 xr
RAM              0x0000000020000000 0x0000000000040000 xw
IDT_LIST         0x00000000fffff7ff 0x0000000000000800 xw
*default*        0x0000000000000000 0xffffffffffffffff

Linker script and memory map

LOAD zephyr/CMakeFiles/zephyr_final.dir/misc/empty_file.c.obj
LOAD zephyr/CMakeFiles/zephyr_final.dir/isr_tables.c.obj
LOAD app/libapp.a
LOAD zephyr/libzephyr.a
LOAD zephyr/arch/common/libarch__common.a
LOAD zephyr/arch/arch/arm/core/aarch32/libarch__arm__core__aarch32.a
LOAD zephyr/arch/arch/arm/core/aarch32/cortex_m/libarch__arm__core__aarch32__cortex_m.a
LOAD zephyr/arch/arch/arm/core/aarch32/mpu/libarch__arm__core__aarch32__mpu.a
LOAD zephyr/lib/libc/minimal/liblib__libc__minimal.a
LOAD zephyr/lib/libc/common/liblib__libc__common.a
LOAD zephyr/soc/soc/arm/common/cortex_m/libsoc__arm__common__cortex_m.a
LOAD zephyr/soc/soc/arm/nordic_nrf/nrf52/libsoc__arm__nordic_nrf__nrf52.a
LOAD zephyr/drivers/clock_control/libdrivers__clock_control.a
LOAD zephyr/drivers/flash/libdrivers__flash.a
LOAD zephyr/drivers/pinctrl/libdrivers__pinctrl.a
LOAD zephyr/drivers/timer/libdrivers__timer.a
LOAD modules/nrf/lib/fprotect/lib..__nrf__lib__fprotect.a
LOAD modules/nrf/lib/fatal_error/lib..__nrf__lib__fatal_error.a
LOAD modules/nrf/drivers/hw_cc310/lib..__nrf__drivers__hw_cc310.a
LOAD modules/mcuboot/boot/bootutil/zephyr/libmcuboot_util.a
LOAD modules/hal_nordic/nrfx/libmodules__hal_nordic__nrfx.a
LOAD zephyr/kernel/libkernel.a
LOAD zephyr/CMakeFiles/offsets.dir/./arch/arm/core/offsets/offsets.c.obj
LOAD c:/ncs/toolchains/ffa23e2f3e/opt/zephyr-sdk/arm-zephyr-eabi/bin/../lib/gcc/arm-zephyr-eabi/12.2.0/thumb/v7e-m+fp/hard\libgcc.a
LOAD zephyr/arch/common/libisr_tables.a
LOAD C:/ncs/v2.5.0/nrfxlib/crypto/nrf_cc310_platform/lib/cortex-m4/hard-float/no-interrupts/libnrf_cc310_platform_0.9.18.a
LOAD C:/ncs/v2.5.0/nrfxlib/crypto/nrf_cc310_bl/lib/cortex-m4/hard-float/no-interrupts/libnrf_cc310_bl_0.9.12.a
                0x0000000000000020                _region_min_align = 0x20

.rel.plt        0x0000000000000000        0x0
 *(SORT_BY_ALIGNMENT(.rel.plt))
                [!provide]                        PROVIDE (__rel_iplt_start = .)
 *(SORT_BY_ALIGNMENT(.rel.iplt))
 .rel.iplt      0x0000000000000000        0x0 zephyr/CMakeFiles/zephyr_final.dir/isr_tables.c.obj
                [!provide]                        PROVIDE (__rel_iplt_end = .)

.rela.plt       0x0000000000000000        0x0
 *(SORT_BY_ALIGNMENT(.rela.plt))
                [!provide]                        PROVIDE (__rela_iplt_start = .)
 *(SORT_BY_ALIGNMENT(.rela.iplt))
                [!provide]                        PROVIDE (__rela_iplt_end = .)

.rel.dyn
 *(SORT_BY_ALIGNMENT(.rel.*))

.rela.dyn
 *(SORT_BY_ALIGNMENT(.rela.*))

/DISCARD/
 *(SORT_BY_ALIGNMENT(.plt))

/DISCARD/
 *(SORT_BY_ALIGNMENT(.iplt))
                0x0000000000000000                __rom_region_start = 0x0

rom_start       0x0000000000000000      0x100
                0x0000000000000000                __rom_start_address = .
                0x0000000000000000                . = (. + (0x0 - (. - __rom_start_address)))
                0x0000000000000000                . = ALIGN (0x4)
                0x0000000000000000                . = ALIGN (0x80)
                0x0000000000000000                . = ALIGN (0x100)
                0x0000000000000000                _vector_start = .
 *(SORT_BY_ALIGNMENT(.exc_vector_table))
 *(SORT_BY_ALIGNMENT(.exc_vector_table.*))
 .exc_vector_table._vector_table_section
                0x0000000000000000       0x40 zephyr/arch/arch/arm/core/aarch32/cortex_m/libarch__arm__core__aarch32__cortex_m.a(vector_table.S.obj)
                0x0000000000000000                _vector_table
 *(SORT_BY_ALIGNMENT(.vectors))
                0x0000000000000100                _vector_end = .
                0x0000000000000040                . = ALIGN (0x4)
 *(SORT_BY_ALIGNMENT(.gnu.linkonce.irq_vector_table*))
 .gnu.linkonce.irq_vector_table
                0x0000000000000040       0xc0 zephyr/CMakeFiles/zephyr_final.dir/isr_tables.c.obj
                0x0000000000000040                _irq_vector_table
                0x0000000000000100                _vector_end = .

text            0x0000000000000100     0x53ac
                0x0000000000000100                __text_region_start = .
 *(SORT_BY_ALIGNMENT(.text))
 *(SORT_BY_ALIGNMENT(.text.*))
 .text.main     0x0000000000000100       0x94 app/libapp.a(main.c.obj)
                0x0000000000000100                main
 .text.flash_area_id_from_multi_image_slot
                0x0000000000000194       0x24 app/libapp.a(flash_map_extended.c.obj)
                0x0000000000000194                flash_area_id_from_multi_image_slot
 .text.bootutil_img_validate
                0x00000000000001b8      0x214 app/libapp.a(image_validate.c.obj)
                0x00000000000001b8                bootutil_img_validate
 .text.bootutil_verify_sig
                0x00000000000003cc      0x100 app/libapp.a(image_ecdsa.c.obj)
                0x00000000000003cc                bootutil_verify_sig
 .text.boot_status_entries
                0x00000000000004cc       0x2c app/libapp.a(bootutil_misc.c.obj)
                0x00000000000004cc                boot_status_entries
 .text.boot_find_status
                0x00000000000004f8       0x48 app/libapp.a(bootutil_misc.c.obj)
                0x00000000000004f8                boot_find_status
 .text.boot_validate_slot.isra.0
                0x0000000000000540       0xe4 app/libapp.a(loader.c.obj)
 .text.boot_swap_image.isra.0
                0x0000000000000624       0x70 app/libapp.a(loader.c.obj)
 .text.boot_copy_region
                0x0000000000000694       0x84 app/libapp.a(loader.c.obj)
                0x0000000000000694                boot_copy_region
 .text.context_boot_go
                0x0000000000000718      0x220 app/libapp.a(loader.c.obj)
                0x0000000000000718                context_boot_go
 .text.boot_go  0x0000000000000938       0x20 app/libapp.a(loader.c.obj)
                0x0000000000000938                boot_go
 .text.swap_set_copy_done
                0x0000000000000958       0x2c app/libapp.a(swap_misc.c.obj)
                0x0000000000000958                swap_set_copy_done
 .text.swap_set_image_ok
                0x0000000000000984       0x44 app/libapp.a(swap_misc.c.obj)
                0x0000000000000984                swap_set_image_ok
 .text.boot_read_image_header
                0x00000000000009c8       0xcc app/libapp.a(swap_move.c.obj)
                0x00000000000009c8                boot_read_image_header
 .text.fixup_revert
                0x0000000000000a94       0x50 app/libapp.a(swap_move.c.obj)
                0x0000000000000a94                fixup_revert
 .text.swap_run
                0x0000000000000ae4      0x1c4 app/libapp.a(swap_move.c.obj)
                0x0000000000000ae4                swap_run
 .text.cc310_init
                0x0000000000000ca8       0x30 app/libapp.a(cc310_glue.c.obj)
                0x0000000000000ca8                cc310_init
 .text.cc310_ecdsa_verify_secp256r1
                0x0000000000000cd8       0x3c app/libapp.a(cc310_glue.c.obj)
                0x0000000000000cd8                cc310_ecdsa_verify_secp256r1
 .text.cleanup_arm_nvic
                0x0000000000000d14       0x54 app/libapp.a(arm_cleanup.c.obj)
                0x0000000000000d14                cleanup_arm_nvic
 .text.nrf_cleanup_peripheral
                0x0000000000000d68       0x60 app/libapp.a(nrf_cleanup.c.obj)
                0x0000000000000d68                nrf_cleanup_peripheral
 .text.z_arm_platform_init
                0x0000000000000dc8        0x4 zephyr/libzephyr.a(soc_nrf_common.S.obj)
                0x0000000000000dc8                z_arm_platform_init
 .text.flash_area_open
                0x0000000000000dcc       0x50 zephyr/libzephyr.a(flash_map.c.obj)
                0x0000000000000dcc                flash_area_open
 .text.flash_area_get_sectors
                0x0000000000000e1c       0x60 zephyr/libzephyr.a(flash_map_layout.c.obj)
                0x0000000000000e1c                flash_area_get_sectors
 .text.nrf_cc3xx_platform_abort_init
                0x0000000000000e7c        0xc zephyr/libzephyr.a(nrf_cc3xx_platform_abort_zephyr.c.obj)
                0x0000000000000e7c                nrf_cc3xx_platform_abort_init
 .text.z_arm_cpu_idle_init
                0x0000000000000e88        0xc zephyr/arch/arch/arm/core/aarch32/libarch__arm__core__aarch32.a(cpu_idle.S.obj)
                0x0000000000000e88                z_arm_cpu_idle_init
 .text.arch_cpu_idle
                0x0000000000000e94       0x1c zephyr/arch/arch/arm/core/aarch32/libarch__arm__core__aarch32.a(cpu_idle.S.obj)
                0x0000000000000e94                arch_cpu_idle
 .text.arch_cpu_atomic_idle
                0x0000000000000eb0       0x18 zephyr/arch/arch/arm/core/aarch32/libarch__arm__core__aarch32.a(cpu_idle.S.obj)
                0x0000000000000eb0                arch_cpu_atomic_idle
 .text.arch_irq_enable
                0x0000000000000ec8       0x1c zephyr/arch/arch/arm/core/aarch32/libarch__arm__core__aarch32.a(irq_manage.c.obj)
                0x0000000000000ec8                arch_irq_enable
 .text.arch_irq_disable
                0x0000000000000ee4       0x28 zephyr/arch/arch/arm/core/aarch32/libarch__arm__core__aarch32.a(irq_manage.c.obj)
                0x0000000000000ee4                arch_irq_disable
 .text.arch_irq_is_enabled
                0x0000000000000f0c       0x1c zephyr/arch/arch/arm/core/aarch32/libarch__arm__core__aarch32.a(irq_manage.c.obj)
                0x0000000000000f0c                arch_irq_is_enabled
 .text.z_arm_irq_priority_set
                0x0000000000000f28       0x30 zephyr/arch/arch/arm/core/aarch32/libarch__arm__core__aarch32.a(irq_manage.c.obj)
                0x0000000000000f28                z_arm_irq_priority_set
 .text.z_SysNmiOnReset
                0x0000000000000f58        0x8 zephyr/arch/arch/arm/core/aarch32/libarch__arm__core__aarch32.a(nmi_on_reset.S.obj)
                0x0000000000000f58                z_SysNmiOnReset
 .text.z_arm_prep_c
                0x0000000000000f60       0x5c zephyr/arch/arch/arm/core/aarch32/libarch__arm__core__aarch32.a(prep_c.c.obj)
                0x0000000000000f60                z_arm_prep_c
 .text.z_arm_svc
                0x0000000000000fbc       0x20 zephyr/arch/arch/arm/core/aarch32/libarch__arm__core__aarch32.a(swap_helper.S.obj)
                0x0000000000000fbc                z_arm_svc
 .text.z_check_thread_stack_fail
                0x0000000000000fdc       0x2c zephyr/arch/arch/arm/core/aarch32/libarch__arm__core__aarch32.a(thread.c.obj)
                0x0000000000000fdc                z_check_thread_stack_fail
 .text.z_arm_switch_to_main_no_multithreading
                0x0000000000001008       0x34 zephyr/arch/arch/arm/core/aarch32/libarch__arm__core__aarch32.a(thread.c.obj)
                0x0000000000001008                z_arm_switch_to_main_no_multithreading
 .text._isr_wrapper
                0x000000000000103c       0x28 zephyr/arch/arch/arm/core/aarch32/libarch__arm__core__aarch32.a(isr_wrapper.S.obj)
                0x000000000000103c                _isr_wrapper
 .text._HandlerModeExit
                0x0000000000001064        0x4 zephyr/arch/arch/arm/core/aarch32/cortex_m/libarch__arm__core__aarch32__cortex_m.a(exc_exit.S.obj)
                0x0000000000001064                z_arm_int_exit
                0x0000000000001064                z_arm_exc_exit
 .text.mem_manage_fault
                0x0000000000001068       0xa0 zephyr/arch/arch/arm/core/aarch32/cortex_m/libarch__arm__core__aarch32__cortex_m.a(fault.c.obj)
 .text.usage_fault.constprop.0
                0x0000000000001108       0x54 zephyr/arch/arch/arm/core/aarch32/cortex_m/libarch__arm__core__aarch32__cortex_m.a(fault.c.obj)
 .text.bus_fault.constprop.0
                0x000000000000115c       0x68 zephyr/arch/arch/arm/core/aarch32/cortex_m/libarch__arm__core__aarch32__cortex_m.a(fault.c.obj)
 .text.z_arm_fault
                0x00000000000011c4      0x11c zephyr/arch/arch/arm/core/aarch32/cortex_m/libarch__arm__core__aarch32__cortex_m.a(fault.c.obj)
                0x00000000000011c4                z_arm_fault
 .text.z_arm_fault_init
                0x00000000000012e0       0x10 zephyr/arch/arch/arm/core/aarch32/cortex_m/libarch__arm__core__aarch32__cortex_m.a(fault.c.obj)
                0x00000000000012e0                z_arm_fault_init
 .text.__fault  0x00000000000012f0       0x14 zephyr/arch/arch/arm/core/aarch32/cortex_m/libarch__arm__core__aarch32__cortex_m.a(fault_s.S.obj)
                0x00000000000012f0                z_arm_usage_fault
                0x00000000000012f0                z_arm_mpu_fault
                0x00000000000012f0                z_arm_exc_spurious
                0x00000000000012f0                z_arm_debug_monitor
                0x00000000000012f0                z_arm_hard_fault
                0x00000000000012f0                z_arm_bus_fault
 .text.z_arm_interrupt_init
                0x0000000000001304       0x18 zephyr/arch/arch/arm/core/aarch32/cortex_m/libarch__arm__core__aarch32__cortex_m.a(irq_init.c.obj)
                0x0000000000001304                z_arm_interrupt_init
 .text._reset_section
                0x000000000000131c       0x54 zephyr/arch/arch/arm/core/aarch32/cortex_m/libarch__arm__core__aarch32__cortex_m.a(reset.S.obj)
                0x000000000000131c                __start
                0x000000000000131c                z_arm_reset
 .text.sys_arch_reboot
                0x0000000000001370       0x24 zephyr/arch/arch/arm/core/aarch32/cortex_m/libarch__arm__core__aarch32__cortex_m.a(scb.c.obj)
                0x0000000000001370                sys_arch_reboot
 .text.z_arm_clear_arm_mpu_config
                0x0000000000001394       0x24 zephyr/arch/arch/arm/core/aarch32/cortex_m/libarch__arm__core__aarch32__cortex_m.a(scb.c.obj)
                0x0000000000001394                z_arm_clear_arm_mpu_config
 .text.z_arm_init_arch_hw_at_boot
                0x00000000000013b8       0x64 zephyr/arch/arch/arm/core/aarch32/cortex_m/libarch__arm__core__aarch32__cortex_m.a(scb.c.obj)
                0x00000000000013b8                z_arm_init_arch_hw_at_boot
 .text.z_arm_configure_static_mpu_regions
                0x000000000000141c       0x18 zephyr/arch/arch/arm/core/aarch32/mpu/libarch__arm__core__aarch32__mpu.a(arm_core_mpu.c.obj)
                0x000000000000141c                z_arm_configure_static_mpu_regions
 .text.mpu_configure_regions
                0x0000000000001434       0x88 zephyr/arch/arch/arm/core/aarch32/mpu/libarch__arm__core__aarch32__mpu.a(arm_mpu.c.obj)
 .text.arm_core_mpu_enable
                0x00000000000014bc       0x18 zephyr/arch/arch/arm/core/aarch32/mpu/libarch__arm__core__aarch32__mpu.a(arm_mpu.c.obj)
                0x00000000000014bc                arm_core_mpu_enable
 .text.arm_core_mpu_disable
                0x00000000000014d4       0x14 zephyr/arch/arch/arm/core/aarch32/mpu/libarch__arm__core__aarch32__mpu.a(arm_mpu.c.obj)
                0x00000000000014d4                arm_core_mpu_disable
 .text.arm_core_mpu_configure_static_mpu_regions
                0x00000000000014e8       0x14 zephyr/arch/arch/arm/core/aarch32/mpu/libarch__arm__core__aarch32__mpu.a(arm_mpu.c.obj)
                0x00000000000014e8                arm_core_mpu_configure_static_mpu_regions
 .text.z_arm_mpu_init
                0x00000000000014fc       0x60 zephyr/arch/arch/arm/core/aarch32/mpu/libarch__arm__core__aarch32__mpu.a(arm_mpu.c.obj)
                0x00000000000014fc                z_arm_mpu_init
 .text.nordicsemi_nrf52_init
                0x000000000000155c       0x3c zephyr/soc/soc/arm/nordic_nrf/nrf52/libsoc__arm__nordic_nrf__nrf52.a(soc.c.obj)
 .text.arch_busy_wait
                0x0000000000001598       0x14 zephyr/soc/soc/arm/nordic_nrf/nrf52/libsoc__arm__nordic_nrf__nrf52.a(soc.c.obj)
                0x0000000000001598                arch_busy_wait
 .text.onoff_stop
                0x00000000000015ac       0x30 zephyr/drivers/clock_control/libdrivers__clock_control.a(clock_control_nrf.c.obj)
 .text.onoff_start
                0x00000000000015dc       0x44 zephyr/drivers/clock_control/libdrivers__clock_control.a(clock_control_nrf.c.obj)
 .text.generic_hfclk_stop
                0x0000000000001620       0x34 zephyr/drivers/clock_control/libdrivers__clock_control.a(clock_control_nrf.c.obj)
 .text.clk_init
                0x0000000000001654       0x58 zephyr/drivers/clock_control/libdrivers__clock_control.a(clock_control_nrf.c.obj)
 .text.clkstarted_handle.constprop.0
                0x00000000000016ac       0x34 zephyr/drivers/clock_control/libdrivers__clock_control.a(clock_control_nrf.c.obj)
 .text.clock_event_handler
                0x00000000000016e0       0x1c zephyr/drivers/clock_control/libdrivers__clock_control.a(clock_control_nrf.c.obj)
 .text.generic_hfclk_start
                0x00000000000016fc       0x64 zephyr/drivers/clock_control/libdrivers__clock_control.a(clock_control_nrf.c.obj)
 .text.qspi_get_zephyr_ret_code
                0x0000000000001760       0x1c zephyr/drivers/flash/libdrivers__flash.a(nrf_qspi_nor.c.obj)
 .text.qspi_nor_pages_layout
                0x000000000000177c       0x10 zephyr/drivers/flash/libdrivers__flash.a(nrf_qspi_nor.c.obj)
 .text.qspi_flash_get_parameters
                0x000000000000178c        0x8 zephyr/drivers/flash/libdrivers__flash.a(nrf_qspi_nor.c.obj)
 .text.qspi_device_init
                0x0000000000001794       0x34 zephyr/drivers/flash/libdrivers__flash.a(nrf_qspi_nor.c.obj)
 .text.qspi_wait_for_completion.isra.0
                0x00000000000017c8       0x38 zephyr/drivers/flash/libdrivers__flash.a(nrf_qspi_nor.c.obj)
 .text.qspi_device_uninit.isra.0
                0x0000000000001800       0x30 zephyr/drivers/flash/libdrivers__flash.a(nrf_qspi_nor.c.obj)
 .text.qspi_nor_read
                0x0000000000001830      0x144 zephyr/drivers/flash/libdrivers__flash.a(nrf_qspi_nor.c.obj)
 .text.qspi_nor_write
                0x0000000000001974      0x108 zephyr/drivers/flash/libdrivers__flash.a(nrf_qspi_nor.c.obj)
 .text.qspi_nor_init
                0x0000000000001a7c      0x120 zephyr/drivers/flash/libdrivers__flash.a(nrf_qspi_nor.c.obj)
 .text.qspi_nor_erase
                0x0000000000001b9c       0xd8 zephyr/drivers/flash/libdrivers__flash.a(nrf_qspi_nor.c.obj)
 .text.flash_nrf_pages_layout
                0x0000000000001c74       0x10 zephyr/drivers/flash/libdrivers__flash.a(soc_flash_nrf.c.obj)
 .text.flash_nrf_get_parameters
                0x0000000000001c84        0x8 zephyr/drivers/flash/libdrivers__flash.a(soc_flash_nrf.c.obj)
 .text.nrf_flash_init
                0x0000000000001c8c       0x18 zephyr/drivers/flash/libdrivers__flash.a(soc_flash_nrf.c.obj)
 .text.restore_pofwarn.part.0
                0x0000000000001ca4       0x2c zephyr/drivers/flash/libdrivers__flash.a(soc_flash_nrf.c.obj)
 .text.suspend_pofwarn
                0x0000000000001cd0       0x58 zephyr/drivers/flash/libdrivers__flash.a(soc_flash_nrf.c.obj)
 .text.flash_nrf_erase
                0x0000000000001d28       0x70 zephyr/drivers/flash/libdrivers__flash.a(soc_flash_nrf.c.obj)
 .text.flash_nrf_write
                0x0000000000001d98       0x74 zephyr/drivers/flash/libdrivers__flash.a(soc_flash_nrf.c.obj)
 .text.nrf_gpio_pin_port_decode
                0x0000000000001e0c       0x20 zephyr/drivers/pinctrl/libdrivers__pinctrl.a(pinctrl_nrf.c.obj)
 .text.pinctrl_configure_pins
                0x0000000000001e2c      0x190 zephyr/drivers/pinctrl/libdrivers__pinctrl.a(pinctrl_nrf.c.obj)
                0x0000000000001e2c                pinctrl_configure_pins
 .text.find_free_region
                0x0000000000001fbc       0x3c modules/nrf/lib/fprotect/lib..__nrf__lib__fprotect.a(fprotect_acl.c.obj)
 .text.boot_write_magic
                0x0000000000001ff8       0x40 modules/mcuboot/boot/bootutil/zephyr/libmcuboot_util.a(bootutil_public.c.obj)
                0x0000000000001ff8                boot_write_magic
 .text.boot_read_swap_state
                0x0000000000002038       0xac modules/mcuboot/boot/bootutil/zephyr/libmcuboot_util.a(bootutil_public.c.obj)
                0x0000000000002038                boot_read_swap_state
 .text.boot_swap_type_multi
                0x00000000000020e4       0xa4 modules/mcuboot/boot/bootutil/zephyr/libmcuboot_util.a(bootutil_public.c.obj)
                0x00000000000020e4                boot_swap_type_multi
 .text.nrf52_errata_98
                0x0000000000002188       0x24 modules/hal_nordic/nrfx/libmodules__hal_nordic__nrfx.a(system_nrf52840.c.obj)
 .text.nvmc_wait
                0x00000000000021ac       0x10 modules/hal_nordic/nrfx/libmodules__hal_nordic__nrfx.a(system_nrf52840.c.obj)
                0x00000000000021ac                nvmc_wait
 .text.SystemInit
                0x00000000000021bc      0x1d8 modules/hal_nordic/nrfx/libmodules__hal_nordic__nrfx.a(system_nrf52840.c.obj)
                0x00000000000021bc                SystemInit
 .text.clock_stop
                0x0000000000002394       0xc4 modules/hal_nordic/nrfx/libmodules__hal_nordic__nrfx.a(nrfx_clock.c.obj)
 .text.nrfx_clock_init
                0x0000000000002458       0x20 modules/hal_nordic/nrfx/libmodules__hal_nordic__nrfx.a(nrfx_clock.c.obj)
                0x0000000000002458                nrfx_clock_init
 .text.nrfx_power_clock_irq_handler
                0x0000000000002478       0x68 modules/hal_nordic/nrfx/libmodules__hal_nordic__nrfx.a(nrfx_clock.c.obj)
                0x0000000000002478                nrfx_power_clock_irq_handler
 .text.nvmc_word_write
                0x00000000000024e0       0x18 modules/hal_nordic/nrfx/libmodules__hal_nordic__nrfx.a(nrfx_nvmc.c.obj)
 .text.nrfx_nvmc_page_erase
                0x00000000000024f8       0x40 modules/hal_nordic/nrfx/libmodules__hal_nordic__nrfx.a(nrfx_nvmc.c.obj)
                0x00000000000024f8                nrfx_nvmc_page_erase
 .text.nrfx_nvmc_word_write
                0x0000000000002538       0x1c modules/hal_nordic/nrfx/libmodules__hal_nordic__nrfx.a(nrfx_nvmc.c.obj)
                0x0000000000002538                nrfx_nvmc_word_write
 .text.qspi_xfer
                0x0000000000002554       0xf8 modules/hal_nordic/nrfx/libmodules__hal_nordic__nrfx.a(nrfx_qspi.c.obj)
 .text.qspi_ready_wait
                0x000000000000264c       0x2c modules/hal_nordic/nrfx/libmodules__hal_nordic__nrfx.a(nrfx_qspi.c.obj)
 .text.qspi_event_xfer_handle.constprop.0
                0x0000000000002678       0x28 modules/hal_nordic/nrfx/libmodules__hal_nordic__nrfx.a(nrfx_qspi.c.obj)
 .text.nrf_gpio_cfg.constprop.0
                0x00000000000026a0       0x44 modules/hal_nordic/nrfx/libmodules__hal_nordic__nrfx.a(nrfx_qspi.c.obj)
 .text.nrf_qspi_cinstrdata_get.constprop.0
                0x00000000000026e4       0x40 modules/hal_nordic/nrfx/libmodules__hal_nordic__nrfx.a(nrfx_qspi.c.obj)
 .text.nrf_qspi_cinstrdata_set.constprop.0
                0x0000000000002724       0x64 modules/hal_nordic/nrfx/libmodules__hal_nordic__nrfx.a(nrfx_qspi.c.obj)
 .text.qspi_configure
                0x0000000000002788      0x150 modules/hal_nordic/nrfx/libmodules__hal_nordic__nrfx.a(nrfx_qspi.c.obj)
 .text.nrfx_qspi_init
                0x00000000000028d8       0x58 modules/hal_nordic/nrfx/libmodules__hal_nordic__nrfx.a(nrfx_qspi.c.obj)
                0x00000000000028d8                nrfx_qspi_init
 .text.nrfx_qspi_cinstr_xfer
                0x0000000000002930       0x98 modules/hal_nordic/nrfx/libmodules__hal_nordic__nrfx.a(nrfx_qspi.c.obj)
                0x0000000000002930                nrfx_qspi_cinstr_xfer
 .text.nrfx_qspi_mem_busy_check
                0x00000000000029c8       0x44 modules/hal_nordic/nrfx/libmodules__hal_nordic__nrfx.a(nrfx_qspi.c.obj)
                0x00000000000029c8                nrfx_qspi_mem_busy_check
 .text.nrfx_qspi_uninit
                0x0000000000002a0c       0xac modules/hal_nordic/nrfx/libmodules__hal_nordic__nrfx.a(nrfx_qspi.c.obj)
                0x0000000000002a0c                nrfx_qspi_uninit
 .text.nrfx_qspi_erase
                0x0000000000002ab8       0x64 modules/hal_nordic/nrfx/libmodules__hal_nordic__nrfx.a(nrfx_qspi.c.obj)
                0x0000000000002ab8                nrfx_qspi_erase
 .text.nrfx_qspi_irq_handler
                0x0000000000002b1c       0x68 modules/hal_nordic/nrfx/libmodules__hal_nordic__nrfx.a(nrfx_qspi.c.obj)
                0x0000000000002b1c                nrfx_qspi_irq_handler
 .text.z_sys_init_run_level
                0x0000000000002b84       0x48 zephyr/kernel/libkernel.a(init.c.obj)
 .text.bg_thread_main
                0x0000000000002bcc       0x30 zephyr/kernel/libkernel.a(init.c.obj)
 .text.z_bss_zero
                0x0000000000002bfc       0x18 zephyr/kernel/libkernel.a(init.c.obj)
                0x0000000000002bfc                z_bss_zero
 .text.z_cstart
                0x0000000000002c14       0x78 zephyr/kernel/libkernel.a(init.c.obj)
                0x0000000000002c14                z_cstart
 .text.z_data_copy
                0x0000000000002c8c       0x34 zephyr/kernel/libkernel.a(xip.c.obj)
                0x0000000000002c8c                z_data_copy
 .text.nrf_cc3xx_platform_init_no_rng
                0x0000000000002cc0       0x38 C:/ncs/v2.5.0/nrfxlib/crypto/nrf_cc310_platform/lib/cortex-m4/hard-float/no-interrupts/libnrf_cc310_platform_0.9.18.a(nrf_cc3xx_platform.c.obj)
                0x0000000000002cc0                nrf_cc3xx_platform_init_no_rng
 .text.nrf_cc3xx_platform_abort
                0x0000000000002cf8       0x24 C:/ncs/v2.5.0/nrfxlib/crypto/nrf_cc310_platform/lib/cortex-m4/hard-float/no-interrupts/libnrf_cc310_platform_0.9.18.a(nrf_cc3xx_platform_abort.c.obj)
 .text.CC_PalAbort
                0x0000000000002d1c       0x38 C:/ncs/v2.5.0/nrfxlib/crypto/nrf_cc310_platform/lib/cortex-m4/hard-float/no-interrupts/libnrf_cc310_platform_0.9.18.a(nrf_cc3xx_platform_abort.c.obj)
                0x0000000000002d1c                CC_PalAbort
 .text.nrf_cc3xx_platform_set_abort
                0x0000000000002d54       0x10 C:/ncs/v2.5.0/nrfxlib/crypto/nrf_cc310_platform/lib/cortex-m4/hard-float/no-interrupts/libnrf_cc310_platform_0.9.18.a(nrf_cc3xx_platform_abort.c.obj)
                0x0000000000002d54                nrf_cc3xx_platform_set_abort
 .text.mbedtls_platform_zeroize
                0x0000000000002d64       0x14 C:/ncs/v2.5.0/nrfxlib/crypto/nrf_cc310_platform/lib/cortex-m4/hard-float/no-interrupts/libnrf_cc310_platform_0.9.18.a(mbedtls_common.c.obj)
                0x0000000000002d64                mbedtls_platform_zeroize
 .text.CC_LibInitNoRng
                0x0000000000002d78       0x64 C:/ncs/v2.5.0/nrfxlib/crypto/nrf_cc310_platform/lib/cortex-m4/hard-float/no-interrupts/libnrf_cc310_platform_0.9.18.a(cc_lib.c.obj)
                0x0000000000002d78                CC_LibInitNoRng
 .text.CC_HalInit
                0x0000000000002ddc        0x4 C:/ncs/v2.5.0/nrfxlib/crypto/nrf_cc310_platform/lib/cortex-m4/hard-float/no-interrupts/libnrf_cc310_platform_0.9.18.a(cc_hal.c.obj)
                0x0000000000002ddc                CC_HalInit
 .text.CC_HalTerminate
                0x0000000000002de0        0x4 C:/ncs/v2.5.0/nrfxlib/crypto/nrf_cc310_platform/lib/cortex-m4/hard-float/no-interrupts/libnrf_cc310_platform_0.9.18.a(cc_hal.c.obj)
                0x0000000000002de0                CC_HalTerminate
 .text.CC_HalMaskInterrupt
                0x0000000000002de4        0xc C:/ncs/v2.5.0/nrfxlib/crypto/nrf_cc310_platform/lib/cortex-m4/hard-float/no-interrupts/libnrf_cc310_platform_0.9.18.a(cc_hal.c.obj)
                0x0000000000002de4                CC_HalMaskInterrupt
 .text.CC_PalInit
                0x0000000000002df0       0x5c C:/ncs/v2.5.0/nrfxlib/crypto/nrf_cc310_platform/lib/cortex-m4/hard-float/no-interrupts/libnrf_cc310_platform_0.9.18.a(cc_pal.c.obj)
                0x0000000000002df0                CC_PalInit
 .text.CC_PalTerminate
                0x0000000000002e4c       0x34 C:/ncs/v2.5.0/nrfxlib/crypto/nrf_cc310_platform/lib/cortex-m4/hard-float/no-interrupts/libnrf_cc310_platform_0.9.18.a(cc_pal.c.obj)
                0x0000000000002e4c                CC_PalTerminate
 .text.CC_PalDmaInit
                0x0000000000002e80        0x4 C:/ncs/v2.5.0/nrfxlib/crypto/nrf_cc310_platform/lib/cortex-m4/hard-float/no-interrupts/libnrf_cc310_platform_0.9.18.a(cc_pal_dma.c.obj)
                0x0000000000002e80                CC_PalDmaInit
 .text.CC_PalDmaTerminate
                0x0000000000002e84        0x4 C:/ncs/v2.5.0/nrfxlib/crypto/nrf_cc310_platform/lib/cortex-m4/hard-float/no-interrupts/libnrf_cc310_platform_0.9.18.a(cc_pal_dma.c.obj)
                0x0000000000002e84                CC_PalDmaTerminate
 .text.CC_PalMutexCreate
                0x0000000000002e88       0x14 C:/ncs/v2.5.0/nrfxlib/crypto/nrf_cc310_platform/lib/cortex-m4/hard-float/no-interrupts/libnrf_cc310_platform_0.9.18.a(cc_pal_mutex.c.obj)
                0x0000000000002e88                CC_PalMutexCreate
 .text.CC_PalMutexDestroy
                0x0000000000002e9c       0x14 C:/ncs/v2.5.0/nrfxlib/crypto/nrf_cc310_platform/lib/cortex-m4/hard-float/no-interrupts/libnrf_cc310_platform_0.9.18.a(cc_pal_mutex.c.obj)
                0x0000000000002e9c                CC_PalMutexDestroy
 .text.CC_PalPowerSaveModeInit
                0x0000000000002eb0       0x3c C:/ncs/v2.5.0/nrfxlib/crypto/nrf_cc310_platform/lib/cortex-m4/hard-float/no-interrupts/libnrf_cc310_platform_0.9.18.a(cc_pal_pm.c.obj)
                0x0000000000002eb0                CC_PalPowerSaveModeInit
 .text.CC_PalPowerSaveModeSelect
                0x0000000000002eec       0x84 C:/ncs/v2.5.0/nrfxlib/crypto/nrf_cc310_platform/lib/cortex-m4/hard-float/no-interrupts/libnrf_cc310_platform_0.9.18.a(cc_pal_pm.c.obj)
                0x0000000000002eec                CC_PalPowerSaveModeSelect
 .text.mutex_free
                0x0000000000002f70       0x34 C:/ncs/v2.5.0/nrfxlib/crypto/nrf_cc310_platform/lib/cortex-m4/hard-float/no-interrupts/libnrf_cc310_platform_0.9.18.a(nrf_cc3xx_platform_mutex.c.obj)
 .text.mutex_lock
                0x0000000000002fa4       0x48 C:/ncs/v2.5.0/nrfxlib/crypto/nrf_cc310_platform/lib/cortex-m4/hard-float/no-interrupts/libnrf_cc310_platform_0.9.18.a(nrf_cc3xx_platform_mutex.c.obj)
 .text.mutex_unlock
                0x0000000000002fec       0x38 C:/ncs/v2.5.0/nrfxlib/crypto/nrf_cc310_platform/lib/cortex-m4/hard-float/no-interrupts/libnrf_cc310_platform_0.9.18.a(nrf_cc3xx_platform_mutex.c.obj)
 .text.mutex_init
                0x0000000000003024       0x20 C:/ncs/v2.5.0/nrfxlib/crypto/nrf_cc310_platform/lib/cortex-m4/hard-float/no-interrupts/libnrf_cc310_platform_0.9.18.a(nrf_cc3xx_platform_mutex.c.obj)
 .text.verify_context_ecdsa_verify_secp256r1
                0x0000000000003044       0x20 C:/ncs/v2.5.0/nrfxlib/crypto/nrf_cc310_bl/lib/cortex-m4/hard-float/no-interrupts/libnrf_cc310_bl_0.9.12.a(nrf_cc310_bl_ecdsa_verify_secp256r1.c.obj)
 .text.nrf_cc310_bl_ecdsa_verify_init_secp256r1
                0x0000000000003064       0x4c C:/ncs/v2.5.0/nrfxlib/crypto/nrf_cc310_bl/lib/cortex-m4/hard-float/no-interrupts/libnrf_cc310_bl_0.9.12.a(nrf_cc310_bl_ecdsa_verify_secp256r1.c.obj)
                0x0000000000003064                nrf_cc310_bl_ecdsa_verify_init_secp256r1
 .text.nrf_cc310_bl_ecdsa_verify_hash_secp256r1
                0x00000000000030b0      0x168 C:/ncs/v2.5.0/nrfxlib/crypto/nrf_cc310_bl/lib/cortex-m4/hard-float/no-interrupts/libnrf_cc310_bl_0.9.12.a(nrf_cc310_bl_ecdsa_verify_secp256r1.c.obj)
                0x00000000000030b0                nrf_cc310_bl_ecdsa_verify_hash_secp256r1
 .text.set_digest_in_hw_sha256
                0x0000000000003218       0x38 C:/ncs/v2.5.0/nrfxlib/crypto/nrf_cc310_bl/lib/cortex-m4/hard-float/no-interrupts/libnrf_cc310_bl_0.9.12.a(nrf_cc310_bl_hash_sha256.c.obj)
 .text.read_digest_in_hw_sha256
                0x0000000000003250       0x54 C:/ncs/v2.5.0/nrfxlib/crypto/nrf_cc310_bl/lib/cortex-m4/hard-float/no-interrupts/libnrf_cc310_bl_0.9.12.a(nrf_cc310_bl_hash_sha256.c.obj)
 .text.verify_context_hash_sha256
                0x00000000000032a4       0x20 C:/ncs/v2.5.0/nrfxlib/crypto/nrf_cc310_bl/lib/cortex-m4/hard-float/no-interrupts/libnrf_cc310_bl_0.9.12.a(nrf_cc310_bl_hash_sha256.c.obj)
 .text.nrf_cc310_bl_hash_sha256_init
                0x00000000000032c4       0x34 C:/ncs/v2.5.0/nrfxlib/crypto/nrf_cc310_bl/lib/cortex-m4/hard-float/no-interrupts/libnrf_cc310_bl_0.9.12.a(nrf_cc310_bl_hash_sha256.c.obj)
                0x00000000000032c4                nrf_cc310_bl_hash_sha256_init
 .text.nrf_cc310_bl_hash_sha256_update
                0x00000000000032f8       0xb0 C:/ncs/v2.5.0/nrfxlib/crypto/nrf_cc310_bl/lib/cortex-m4/hard-float/no-interrupts/libnrf_cc310_bl_0.9.12.a(nrf_cc310_bl_hash_sha256.c.obj)
                0x00000000000032f8                nrf_cc310_bl_hash_sha256_update
 .text.nrf_cc310_bl_hash_sha256_finalize
                0x00000000000033a8       0x60 C:/ncs/v2.5.0/nrfxlib/crypto/nrf_cc310_bl/lib/cortex-m4/hard-float/no-interrupts/libnrf_cc310_bl_0.9.12.a(nrf_cc310_bl_hash_sha256.c.obj)
                0x00000000000033a8                nrf_cc310_bl_hash_sha256_finalize
 .text.nrf_cc310_bl_init
                0x0000000000003408       0x34 C:/ncs/v2.5.0/nrfxlib/crypto/nrf_cc310_bl/lib/cortex-m4/hard-float/no-interrupts/libnrf_cc310_bl_0.9.12.a(nrf_cc310_bl_init.c.obj)
                0x0000000000003408                nrf_cc310_bl_init
 .text.PkaSetRegsMapTab
                0x000000000000343c       0x48 C:/ncs/v2.5.0/nrfxlib/crypto/nrf_cc310_bl/lib/cortex-m4/hard-float/no-interrupts/libnrf_cc310_bl_0.9.12.a(pka.c.obj)
                0x000000000000343c                PkaSetRegsMapTab
 .text.PkaGetRegEffectiveSizeInBits
                0x0000000000003484       0x8c C:/ncs/v2.5.0/nrfxlib/crypto/nrf_cc310_bl/lib/cortex-m4/hard-float/no-interrupts/libnrf_cc310_bl_0.9.12.a(pka.c.obj)
                0x0000000000003484                PkaGetRegEffectiveSizeInBits
 .text.PkaGetNextMsBit
                0x0000000000003510       0x74 C:/ncs/v2.5.0/nrfxlib/crypto/nrf_cc310_bl/lib/cortex-m4/hard-float/no-interrupts/libnrf_cc310_bl_0.9.12.a(pka.c.obj)
                0x0000000000003510                PkaGetNextMsBit
 .text.PkaSetRegsSizesTab
                0x0000000000003584       0x3c C:/ncs/v2.5.0/nrfxlib/crypto/nrf_cc310_bl/lib/cortex-m4/hard-float/no-interrupts/libnrf_cc310_bl_0.9.12.a(pka.c.obj)
                0x0000000000003584                PkaSetRegsSizesTab
 .text.PkaInitPka
                0x00000000000035c0       0x74 C:/ncs/v2.5.0/nrfxlib/crypto/nrf_cc310_bl/lib/cortex-m4/hard-float/no-interrupts/libnrf_cc310_bl_0.9.12.a(pka.c.obj)
                0x00000000000035c0                PkaInitPka
 .text.PkaClearBlockOfRegs
                0x0000000000003634      0x130 C:/ncs/v2.5.0/nrfxlib/crypto/nrf_cc310_bl/lib/cortex-m4/hard-float/no-interrupts/libnrf_cc310_bl_0.9.12.a(pka.c.obj)
                0x0000000000003634                PkaClearBlockOfRegs
 .text.PkaFinishAndMutexUnlock
                0x0000000000003764       0x24 C:/ncs/v2.5.0/nrfxlib/crypto/nrf_cc310_bl/lib/cortex-m4/hard-float/no-interrupts/libnrf_cc310_bl_0.9.12.a(pka.c.obj)
                0x0000000000003764                PkaFinishAndMutexUnlock
 .text.PkaCopyDataIntoPkaReg
                0x0000000000003788       0xb8 C:/ncs/v2.5.0/nrfxlib/crypto/nrf_cc310_bl/lib/cortex-m4/hard-float/no-interrupts/libnrf_cc310_bl_0.9.12.a(pka.c.obj)
                0x0000000000003788                PkaCopyDataIntoPkaReg
 .text.PkaEcdsaVerify
                0x0000000000003840      0x284 C:/ncs/v2.5.0/nrfxlib/crypto/nrf_cc310_bl/lib/cortex-m4/hard-float/no-interrupts/libnrf_cc310_bl_0.9.12.a(pka_ec_wrst_dsa_verify.c.obj)
                0x0000000000003840                PkaEcdsaVerify
 .text.nrf_cc310_bl_hash_update_internal
                0x0000000000003ac4       0xf0 C:/ncs/v2.5.0/nrfxlib/crypto/nrf_cc310_bl/lib/cortex-m4/hard-float/no-interrupts/libnrf_cc310_bl_0.9.12.a(nrf_cc310_bl_hash.c.obj)
                0x0000000000003ac4                nrf_cc310_bl_hash_update_internal
 .text.PkaDoubleMdf2Mdf
                0x0000000000003bb4      0x1ac C:/ncs/v2.5.0/nrfxlib/crypto/nrf_cc310_bl/lib/cortex-m4/hard-float/no-interrupts/libnrf_cc310_bl_0.9.12.a(pka_ec_wrst.c.obj)
                0x0000000000003bb4                PkaDoubleMdf2Mdf
 .text.PkaDoubleMdf2Jcb
                0x0000000000003d60      0x178 C:/ncs/v2.5.0/nrfxlib/crypto/nrf_cc310_bl/lib/cortex-m4/hard-float/no-interrupts/libnrf_cc310_bl_0.9.12.a(pka_ec_wrst.c.obj)
                0x0000000000003d60                PkaDoubleMdf2Jcb
 .text.PkaAddJcbAfn2Mdf
                0x0000000000003ed8      0x194 C:/ncs/v2.5.0/nrfxlib/crypto/nrf_cc310_bl/lib/cortex-m4/hard-float/no-interrupts/libnrf_cc310_bl_0.9.12.a(pka_ec_wrst.c.obj)
                0x0000000000003ed8                PkaAddJcbAfn2Mdf
 .text.PkaJcb2Afn
                0x000000000000406c       0xb0 C:/ncs/v2.5.0/nrfxlib/crypto/nrf_cc310_bl/lib/cortex-m4/hard-float/no-interrupts/libnrf_cc310_bl_0.9.12.a(pka_ec_wrst.c.obj)
                0x000000000000406c                PkaJcb2Afn
 .text.PkaAddAff
                0x000000000000411c      0x114 C:/ncs/v2.5.0/nrfxlib/crypto/nrf_cc310_bl/lib/cortex-m4/hard-float/no-interrupts/libnrf_cc310_bl_0.9.12.a(pka_ec_wrst.c.obj)
                0x000000000000411c                PkaAddAff
 .text.PkaSum2ScalarMullt
                0x0000000000004230      0x1e4 C:/ncs/v2.5.0/nrfxlib/crypto/nrf_cc310_bl/lib/cortex-m4/hard-float/no-interrupts/libnrf_cc310_bl_0.9.12.a(pka_ec_wrst.c.obj)
                0x0000000000004230                PkaSum2ScalarMullt
 .text.SaSi_HalClearInterruptBit
                0x0000000000004414        0xc C:/ncs/v2.5.0/nrfxlib/crypto/nrf_cc310_bl/lib/cortex-m4/hard-float/no-interrupts/libnrf_cc310_bl_0.9.12.a(ssi_hal.c.obj)
                0x0000000000004414                SaSi_HalClearInterruptBit
 .text.SaSi_HalMaskInterrupt
                0x0000000000004420        0xc C:/ncs/v2.5.0/nrfxlib/crypto/nrf_cc310_bl/lib/cortex-m4/hard-float/no-interrupts/libnrf_cc310_bl_0.9.12.a(ssi_hal.c.obj)
                0x0000000000004420                SaSi_HalMaskInterrupt
 .text.SaSi_HalWaitInterrupt
                0x000000000000442c       0x18 C:/ncs/v2.5.0/nrfxlib/crypto/nrf_cc310_bl/lib/cortex-m4/hard-float/no-interrupts/libnrf_cc310_bl_0.9.12.a(ssi_hal.c.obj)
                0x000000000000442c                SaSi_HalWaitInterrupt
 .text.flash_device_base
                0x0000000000004444        0xc app/libapp.a(flash_map_extended.c.obj)
                0x0000000000004444                flash_device_base
 .text.flash_area_get_device_id
                0x0000000000004450        0x4 app/libapp.a(flash_map_extended.c.obj)
                0x0000000000004450                flash_area_get_device_id
 .text.flash_area_get_sector
                0x0000000000004454       0x32 app/libapp.a(flash_map_extended.c.obj)
                0x0000000000004454                flash_area_get_sector
 .text.os_heap_init
                0x0000000000004486        0x2 app/libapp.a(os.c.obj)
                0x0000000000004486                os_heap_init
 .text.bootutil_tlv_iter_begin
                0x0000000000004488       0x9c app/libapp.a(tlv.c.obj)
                0x0000000000004488                bootutil_tlv_iter_begin
 .text.bootutil_tlv_iter_next
                0x0000000000004524       0x98 app/libapp.a(tlv.c.obj)
                0x0000000000004524                bootutil_tlv_iter_next
 .text.bootutil_read_bigint
                0x00000000000045bc       0x58 app/libapp.a(image_ecdsa.c.obj)
 .text.boot_fih_memequal
                0x0000000000004614        0x4 app/libapp.a(bootutil_misc.c.obj)
                0x0000000000004614                boot_fih_memequal
 .text.boot_trailer_sz
                0x0000000000004618        0xa app/libapp.a(bootutil_misc.c.obj)
                0x0000000000004618                boot_trailer_sz
 .text.boot_status_off
                0x0000000000004622       0x16 app/libapp.a(bootutil_misc.c.obj)
                0x0000000000004622                boot_status_off
 .text.boot_read_swap_size
                0x0000000000004638       0x1c app/libapp.a(bootutil_misc.c.obj)
                0x0000000000004638                boot_read_swap_size
 .text.boot_write_swap_size
                0x0000000000004654       0x1e app/libapp.a(bootutil_misc.c.obj)
                0x0000000000004654                boot_write_swap_size
 .text.bootutil_max_image_size
                0x0000000000004672       0x1e app/libapp.a(bootutil_misc.c.obj)
                0x0000000000004672                bootutil_max_image_size
 .text.boot_read_image_headers
                0x0000000000004690       0x2c app/libapp.a(loader.c.obj)
 .text.boot_read_image_size.constprop.0.isra.0
                0x00000000000046bc       0x82 app/libapp.a(loader.c.obj)
 .text.boot_read_sectors
                0x000000000000473e       0x42 app/libapp.a(loader.c.obj)
 .text.boot_status_reset
                0x0000000000004780       0x12 app/libapp.a(loader.c.obj)
                0x0000000000004780                boot_status_reset
 .text.boot_status_is_reset
                0x0000000000004792       0x1a app/libapp.a(loader.c.obj)
                0x0000000000004792                boot_status_is_reset
 .text.boot_write_status
                0x00000000000047ac       0x64 app/libapp.a(loader.c.obj)
                0x00000000000047ac                boot_write_status
 .text.boot_erase_region
                0x0000000000004810        0x4 app/libapp.a(loader.c.obj)
                0x0000000000004810                boot_erase_region
 .text.swap_erase_trailer_sectors
                0x0000000000004814       0x6a app/libapp.a(swap_misc.c.obj)
                0x0000000000004814                swap_erase_trailer_sectors
 .text.swap_status_init
                0x000000000000487e       0x3e app/libapp.a(swap_misc.c.obj)
                0x000000000000487e                swap_status_init
 .text.swap_read_status
                0x00000000000048bc       0x78 app/libapp.a(swap_misc.c.obj)
                0x00000000000048bc                swap_read_status
 .text.find_last_idx
                0x0000000000004934       0x14 app/libapp.a(swap_move.c.obj)
                0x0000000000004934                find_last_idx
 .text.swap_read_status_bytes
                0x0000000000004948       0x9a app/libapp.a(swap_move.c.obj)
                0x0000000000004948                swap_read_status_bytes
 .text.boot_status_internal_off
                0x00000000000049e2       0x26 app/libapp.a(swap_move.c.obj)
                0x00000000000049e2                boot_status_internal_off
 .text.boot_slots_compatible
                0x0000000000004a08       0x50 app/libapp.a(swap_move.c.obj)
                0x0000000000004a08                boot_slots_compatible
 .text.swap_status_source
                0x0000000000004a58       0x38 app/libapp.a(swap_move.c.obj)
                0x0000000000004a58                swap_status_source
 .text.mbedtls_asn1_get_len
                0x0000000000004a90       0x98 app/libapp.a(asn1parse.c.obj)
                0x0000000000004a90                mbedtls_asn1_get_len
 .text.mbedtls_asn1_get_tag
                0x0000000000004b28       0x28 app/libapp.a(asn1parse.c.obj)
                0x0000000000004b28                mbedtls_asn1_get_tag
 .text.mbedtls_asn1_get_bitstring_null
                0x0000000000004b50       0x28 app/libapp.a(asn1parse.c.obj)
                0x0000000000004b50                mbedtls_asn1_get_bitstring_null
 .text.mbedtls_asn1_get_alg
                0x0000000000004b78       0x94 app/libapp.a(asn1parse.c.obj)
                0x0000000000004b78                mbedtls_asn1_get_alg
 .text.cc310_sha256_update
                0x0000000000004c0c       0x36 app/libapp.a(cc310_glue.c.obj)
                0x0000000000004c0c                cc310_sha256_update
 .text.onoff_manager_init
                0x0000000000004c42       0x26 zephyr/libzephyr.a(onoff.c.obj)
                0x0000000000004c42                onoff_manager_init
 .text.sys_reboot
                0x0000000000004c68       0x1c zephyr/libzephyr.a(reboot.c.obj)
                0x0000000000004c68                sys_reboot
 .text._ConfigAbsSyms
                0x0000000000004c84        0x2 zephyr/libzephyr.a(configs.c.obj)
                0x0000000000004c84                _ConfigAbsSyms
 .text.flash_area_close
                0x0000000000004c86        0x2 zephyr/libzephyr.a(flash_map.c.obj)
                0x0000000000004c86                flash_area_close
 .text.flash_area_read
                0x0000000000004c88       0x2a zephyr/libzephyr.a(flash_map.c.obj)
                0x0000000000004c88                flash_area_read
 .text.flash_area_write
                0x0000000000004cb2       0x2a zephyr/libzephyr.a(flash_map.c.obj)
                0x0000000000004cb2                flash_area_write
 .text.flash_area_erase
                0x0000000000004cdc       0x2c zephyr/libzephyr.a(flash_map.c.obj)
                0x0000000000004cdc                flash_area_erase
 .text.flash_area_align
                0x0000000000004d08        0xe zephyr/libzephyr.a(flash_map.c.obj)
                0x0000000000004d08                flash_area_align
 .text.flash_area_erased_val
                0x0000000000004d16        0xe zephyr/libzephyr.a(flash_map.c.obj)
                0x0000000000004d16                flash_area_erased_val
 .text.get_sectors_cb
                0x0000000000004d24       0x44 zephyr/libzephyr.a(flash_map_layout.c.obj)
 .text.abort_function
                0x0000000000004d68        0x8 zephyr/libzephyr.a(nrf_cc3xx_platform_abort_zephyr.c.obj)
 .text.nrf_cc3xx_platform_mutex_init
                0x0000000000004d70        0x2 zephyr/libzephyr.a(nrf_cc3xx_platform_no_mutex_zephyr.c.obj)
                0x0000000000004d70                nrf_cc3xx_platform_mutex_init
 .text.z_arm_fatal_error
                0x0000000000004d72        0x4 zephyr/arch/arch/arm/core/aarch32/libarch__arm__core__aarch32.a(fatal.c.obj)
                0x0000000000004d72                z_arm_fatal_error
 .text.z_do_kernel_oops
                0x0000000000004d76        0x8 zephyr/arch/arch/arm/core/aarch32/libarch__arm__core__aarch32.a(fatal.c.obj)
                0x0000000000004d76                z_do_kernel_oops
 .text.z_irq_spurious
                0x0000000000004d7e        0x8 zephyr/arch/arch/arm/core/aarch32/libarch__arm__core__aarch32.a(irq_manage.c.obj)
                0x0000000000004d7e                z_irq_spurious
 .text.z_arm_nmi
                0x0000000000004d86        0xe zephyr/arch/arch/arm/core/aarch32/libarch__arm__core__aarch32.a(nmi.c.obj)
                0x0000000000004d86                z_arm_nmi
 .text.memcmp   0x0000000000004d94       0x20 zephyr/lib/libc/minimal/liblib__libc__minimal.a(string.c.obj)
                0x0000000000004d94                memcmp
 .text.memmove  0x0000000000004db4       0x2e zephyr/lib/libc/minimal/liblib__libc__minimal.a(string.c.obj)
                0x0000000000004db4                memmove
 .text.memcpy   0x0000000000004de2       0x16 zephyr/lib/libc/minimal/liblib__libc__minimal.a(string.c.obj)
                0x0000000000004de2                memcpy
 .text.memset   0x0000000000004df8       0x12 zephyr/lib/libc/minimal/liblib__libc__minimal.a(string.c.obj)
                0x0000000000004df8                memset
 .text.get_status
                0x0000000000004e0a       0x12 zephyr/drivers/clock_control/libdrivers__clock_control.a(clock_control_nrf.c.obj)
 .text.set_on_state
                0x0000000000004e1c       0x26 zephyr/drivers/clock_control/libdrivers__clock_control.a(clock_control_nrf.c.obj)
 .text.stop     0x0000000000004e42       0x54 zephyr/drivers/clock_control/libdrivers__clock_control.a(clock_control_nrf.c.obj)
 .text.api_stop
                0x0000000000004e96        0x6 zephyr/drivers/clock_control/libdrivers__clock_control.a(clock_control_nrf.c.obj)
 .text.async_start
                0x0000000000004e9c       0x5e zephyr/drivers/clock_control/libdrivers__clock_control.a(clock_control_nrf.c.obj)
 .text.api_start
                0x0000000000004efa        0xe zephyr/drivers/clock_control/libdrivers__clock_control.a(clock_control_nrf.c.obj)
 .text.api_blocking_start
                0x0000000000004f08        0x6 zephyr/drivers/clock_control/libdrivers__clock_control.a(clock_control_nrf.c.obj)
 .text.onoff_started_callback
                0x0000000000004f0e       0x14 zephyr/drivers/clock_control/libdrivers__clock_control.a(clock_control_nrf.c.obj)
 .text.lfclk_start
                0x0000000000004f22        0x6 zephyr/drivers/clock_control/libdrivers__clock_control.a(clock_control_nrf.c.obj)
 .text.lfclk_stop
                0x0000000000004f28        0x6 zephyr/drivers/clock_control/libdrivers__clock_control.a(clock_control_nrf.c.obj)
 .text.qspi_handler
                0x0000000000004f2e        0x8 zephyr/drivers/flash/libdrivers__flash.a(nrf_qspi_nor.c.obj)
 .text.qspi_send_cmd.constprop.0
                0x0000000000004f36       0x62 zephyr/drivers/flash/libdrivers__flash.a(nrf_qspi_nor.c.obj)
 .text.qspi_rdsr.constprop.0.isra.0
                0x0000000000004f98       0x36 zephyr/drivers/flash/libdrivers__flash.a(nrf_qspi_nor.c.obj)
 .text.qspi_nor_write_protection_set.isra.0
                0x0000000000004fce       0x2a zephyr/drivers/flash/libdrivers__flash.a(nrf_qspi_nor.c.obj)
 .text.is_regular_addr_valid
                0x0000000000004ff8       0x22 zephyr/drivers/flash/libdrivers__flash.a(soc_flash_nrf.c.obj)
 .text.flash_nrf_read
                0x000000000000501a       0x28 zephyr/drivers/flash/libdrivers__flash.a(soc_flash_nrf.c.obj)
 .text.flash_get_page_info
                0x0000000000005042       0x66 zephyr/drivers/flash/libdrivers__flash.a(flash_page_layout.c.obj)
 .text.z_impl_flash_get_page_info_by_offs
                0x00000000000050a8        0x8 zephyr/drivers/flash/libdrivers__flash.a(flash_page_layout.c.obj)
                0x00000000000050a8                z_impl_flash_get_page_info_by_offs
 .text.flash_page_foreach
                0x00000000000050b0       0x58 zephyr/drivers/flash/libdrivers__flash.a(flash_page_layout.c.obj)
                0x00000000000050b0                flash_page_foreach
 .text.pinctrl_lookup_state
                0x0000000000005108       0x26 zephyr/drivers/pinctrl/libdrivers__pinctrl.a(common.c.obj)
                0x0000000000005108                pinctrl_lookup_state
 .text.fprotect_set_permission
                0x000000000000512e       0x7e modules/nrf/lib/fprotect/lib..__nrf__lib__fprotect.a(fprotect_acl.c.obj)
 .text.fprotect_area
                0x00000000000051ac        0x6 modules/nrf/lib/fprotect/lib..__nrf__lib__fprotect.a(fprotect_acl.c.obj)
                0x00000000000051ac                fprotect_area
 .text.k_sys_fatal_error_handler
                0x00000000000051b2        0x8 modules/nrf/lib/fatal_error/lib..__nrf__lib__fatal_error.a(fatal_error.c.obj)
                0x00000000000051b2                k_sys_fatal_error_handler
 .text.hw_cc3xx_init_internal
                0x00000000000051ba        0x4 modules/nrf/drivers/hw_cc310/lib..__nrf__drivers__hw_cc310.a(hw_cc310.c.obj)
 .text.hw_cc3xx_init
                0x00000000000051be       0x12 modules/nrf/drivers/hw_cc310/lib..__nrf__drivers__hw_cc310.a(hw_cc310.c.obj)
 .text.boot_swap_info_off
                0x00000000000051d0        0xc modules/mcuboot/boot/bootutil/zephyr/libmcuboot_util.a(bootutil_public.c.obj)
                0x00000000000051d0                boot_swap_info_off
 .text.boot_magic_compatible_check
                0x00000000000051dc       0x1c modules/mcuboot/boot/bootutil/zephyr/libmcuboot_util.a(bootutil_public.c.obj)
                0x00000000000051dc                boot_magic_compatible_check
 .text.bootutil_buffer_is_erased
                0x00000000000051f8       0x26 modules/mcuboot/boot/bootutil/zephyr/libmcuboot_util.a(bootutil_public.c.obj)
                0x00000000000051f8                bootutil_buffer_is_erased
 .text.boot_read_flag
                0x000000000000521e       0x38 modules/mcuboot/boot/bootutil/zephyr/libmcuboot_util.a(bootutil_public.c.obj)
 .text.boot_write_trailer
                0x0000000000005256       0x58 modules/mcuboot/boot/bootutil/zephyr/libmcuboot_util.a(bootutil_public.c.obj)
                0x0000000000005256                boot_write_trailer
 .text.boot_write_trailer_flag
                0x00000000000052ae       0x14 modules/mcuboot/boot/bootutil/zephyr/libmcuboot_util.a(bootutil_public.c.obj)
                0x00000000000052ae                boot_write_trailer_flag
 .text.boot_write_image_ok
                0x00000000000052c2        0xe modules/mcuboot/boot/bootutil/zephyr/libmcuboot_util.a(bootutil_public.c.obj)
                0x00000000000052c2                boot_write_image_ok
 .text.boot_read_image_ok
                0x00000000000052d0        0xc modules/mcuboot/boot/bootutil/zephyr/libmcuboot_util.a(bootutil_public.c.obj)
                0x00000000000052d0                boot_read_image_ok
 .text.boot_read_swap_state_by_id
                0x00000000000052dc       0x28 modules/mcuboot/boot/bootutil/zephyr/libmcuboot_util.a(bootutil_public.c.obj)
                0x00000000000052dc                boot_read_swap_state_by_id
 .text.boot_write_swap_info
                0x0000000000005304       0x22 modules/mcuboot/boot/bootutil/zephyr/libmcuboot_util.a(bootutil_public.c.obj)
                0x0000000000005304                boot_write_swap_info
 .text.boot_write_copy_done
                0x0000000000005326       0x10 modules/mcuboot/boot/bootutil/zephyr/libmcuboot_util.a(bootutil_public.c.obj)
                0x0000000000005326                boot_write_copy_done
 .text.nrfx_isr
                0x0000000000005336        0x2 modules/hal_nordic/nrfx/libmodules__hal_nordic__nrfx.a(nrfx_glue.c.obj)
                0x0000000000005336                nrfx_isr
 .text.nrfx_busy_wait
                0x0000000000005338        0x4 modules/hal_nordic/nrfx/libmodules__hal_nordic__nrfx.a(nrfx_glue.c.obj)
                0x0000000000005338                nrfx_busy_wait
 .text.nrfx_clock_enable
                0x000000000000533c       0x1a modules/hal_nordic/nrfx/libmodules__hal_nordic__nrfx.a(nrfx_clock.c.obj)
                0x000000000000533c                nrfx_clock_enable
 .text.nrfx_clock_start
                0x0000000000005356       0x78 modules/hal_nordic/nrfx/libmodules__hal_nordic__nrfx.a(nrfx_clock.c.obj)
                0x0000000000005356                nrfx_clock_start
 .text.nrfx_clock_stop
                0x00000000000053ce        0x4 modules/hal_nordic/nrfx/libmodules__hal_nordic__nrfx.a(nrfx_clock.c.obj)
                0x00000000000053ce                nrfx_clock_stop
 .text.nrfx_nvmc_flash_size_get
                0x00000000000053d2        0xc modules/hal_nordic/nrfx/libmodules__hal_nordic__nrfx.a(nrfx_nvmc.c.obj)
                0x00000000000053d2                nrfx_nvmc_flash_size_get
 .text.nrfx_nvmc_flash_page_size_get
                0x00000000000053de        0x8 modules/hal_nordic/nrfx/libmodules__hal_nordic__nrfx.a(nrfx_nvmc.c.obj)
                0x00000000000053de                nrfx_nvmc_flash_page_size_get
 .text.nrfx_nvmc_flash_page_count_get
                0x00000000000053e6        0x8 modules/hal_nordic/nrfx/libmodules__hal_nordic__nrfx.a(nrfx_nvmc.c.obj)
                0x00000000000053e6                nrfx_nvmc_flash_page_count_get
 .text.nrf_gpio_cfg_default
                0x00000000000053ee        0x6 modules/hal_nordic/nrfx/libmodules__hal_nordic__nrfx.a(nrfx_qspi.c.obj)
 .text.nrfx_qspi_write
                0x00000000000053f4        0x6 modules/hal_nordic/nrfx/libmodules__hal_nordic__nrfx.a(nrfx_qspi.c.obj)
                0x00000000000053f4                nrfx_qspi_write
 .text.nrfx_qspi_read
                0x00000000000053fa        0x6 modules/hal_nordic/nrfx/libmodules__hal_nordic__nrfx.a(nrfx_qspi.c.obj)
                0x00000000000053fa                nrfx_qspi_read
 .text.nrfx_qspi_chip_erase
                0x0000000000005400        0x8 modules/hal_nordic/nrfx/libmodules__hal_nordic__nrfx.a(nrfx_qspi.c.obj)
                0x0000000000005400                nrfx_qspi_chip_erase
 .text.z_impl_k_busy_wait
                0x0000000000005408        0x8 zephyr/kernel/libkernel.a(busy_wait.c.obj)
                0x0000000000005408                z_impl_k_busy_wait
 .text.z_device_state_init
                0x0000000000005410        0x2 zephyr/kernel/libkernel.a(device.c.obj)
                0x0000000000005410                z_device_state_init
 .text.z_device_is_ready
                0x0000000000005412       0x16 zephyr/kernel/libkernel.a(device.c.obj)
                0x0000000000005412                z_device_is_ready
 .text.z_fatal_error
                0x0000000000005428       0x20 zephyr/kernel/libkernel.a(fatal.c.obj)
                0x0000000000005428                z_fatal_error
 .text.z_early_memset
                0x0000000000005448        0x4 zephyr/kernel/libkernel.a(init.c.obj)
                0x0000000000005448                z_early_memset
 .text.z_early_memcpy
                0x000000000000544c        0x4 zephyr/kernel/libkernel.a(init.c.obj)
                0x000000000000544c                z_early_memcpy
 .text.boot_banner
                0x0000000000005450        0x2 zephyr/kernel/libkernel.a(banner.c.obj)
                0x0000000000005450                boot_banner
 .text._OffsetAbsSyms
                0x0000000000005452        0x2 zephyr/CMakeFiles/offsets.dir/./arch/arm/core/offsets/offsets.c.obj
                0x0000000000005452                _OffsetAbsSyms
 .text.nrf_cc310_bl_ecdsa_verify_secp256r1
                0x0000000000005454       0x26 C:/ncs/v2.5.0/nrfxlib/crypto/nrf_cc310_bl/lib/cortex-m4/hard-float/no-interrupts/libnrf_cc310_bl_0.9.12.a(nrf_cc310_bl_ecdsa_verify_secp256r1.c.obj)
                0x0000000000005454                nrf_cc310_bl_ecdsa_verify_secp256r1
 .text.PkaInitAndMutexLock
                0x000000000000547a        0x8 C:/ncs/v2.5.0/nrfxlib/crypto/nrf_cc310_bl/lib/cortex-m4/hard-float/no-interrupts/libnrf_cc310_bl_0.9.12.a(pka.c.obj)
                0x000000000000547a                PkaInitAndMutexLock
 .text.SaSi_PalMemCopy
                0x0000000000005482        0x4 C:/ncs/v2.5.0/nrfxlib/crypto/nrf_cc310_bl/lib/cortex-m4/hard-float/no-interrupts/libnrf_cc310_bl_0.9.12.a(ssi_pal_mem.c.obj)
                0x0000000000005482                SaSi_PalMemCopy
 .text.SaSi_PalMemSet
                0x0000000000005486        0x4 C:/ncs/v2.5.0/nrfxlib/crypto/nrf_cc310_bl/lib/cortex-m4/hard-float/no-interrupts/libnrf_cc310_bl_0.9.12.a(ssi_pal_mem.c.obj)
                0x0000000000005486                SaSi_PalMemSet
 .text.SaSi_PalMemSetZero
                0x000000000000548a        0x8 C:/ncs/v2.5.0/nrfxlib/crypto/nrf_cc310_bl/lib/cortex-m4/hard-float/no-interrupts/libnrf_cc310_bl_0.9.12.a(ssi_pal_mem.c.obj)
                0x000000000000548a                SaSi_PalMemSetZero
 .text.CRYS_COMMON_ReverseMemcpy32
                0x0000000000005492       0x1a C:/ncs/v2.5.0/nrfxlib/crypto/nrf_cc310_bl/lib/cortex-m4/hard-float/no-interrupts/libnrf_cc310_bl_0.9.12.a(crys_common_conv_endian.c.obj)
                0x0000000000005492                CRYS_COMMON_ReverseMemcpy32
 *(SORT_BY_ALIGNMENT(.TEXT.*))
 *(SORT_BY_ALIGNMENT(.gnu.linkonce.t.*))
 *(SORT_BY_ALIGNMENT(.glue_7t))
 .glue_7t       0x00000000000054ac        0x0 linker stubs
 *(SORT_BY_ALIGNMENT(.glue_7))
 .glue_7        0x00000000000054ac        0x0 linker stubs
 *(SORT_BY_ALIGNMENT(.vfp11_veneer))
 .vfp11_veneer  0x00000000000054ac        0x0 linker stubs
 *(SORT_BY_ALIGNMENT(.v4_bx))
 .v4_bx         0x00000000000054ac        0x0 linker stubs
                0x00000000000054ac                . = ALIGN (0x4)
                0x00000000000054ac                __text_region_end = .

.ARM.exidx      0x00000000000054ac        0x0
                0x00000000000054ac                __exidx_start = .
 *(SORT_BY_ALIGNMENT(.ARM.exidx*) SORT_BY_ALIGNMENT(gnu.linkonce.armexidx.*))
                0x00000000000054ac                __exidx_end = .
                0x00000000000054ac                __rodata_region_start = .

initlevel       0x00000000000054ac       0x30
                0x00000000000054ac                __init_start = .
                0x00000000000054ac                __init_EARLY_start = .
 *(SORT_BY_NAME(SORT_BY_ALIGNMENT(.z_init_EARLY?_*)))
 *(SORT_BY_NAME(SORT_BY_ALIGNMENT(.z_init_EARLY??_*)))
                0x00000000000054ac                __init_PRE_KERNEL_1_start = .
 *(SORT_BY_NAME(SORT_BY_ALIGNMENT(.z_init_PRE_KERNEL_1?_*)))
 .z_init_PRE_KERNEL_10_0_
                0x00000000000054ac        0x8 zephyr/soc/soc/arm/nordic_nrf/nrf52/libsoc__arm__nordic_nrf__nrf52.a(soc.c.obj)
 *(SORT_BY_NAME(SORT_BY_ALIGNMENT(.z_init_PRE_KERNEL_1??_*)))
 .z_init_PRE_KERNEL_130_00074_
                0x00000000000054b4        0x8 zephyr/drivers/clock_control/libdrivers__clock_control.a(clock_control_nrf.c.obj)
 .z_init_PRE_KERNEL_140_0_
                0x00000000000054bc        0x8 modules/nrf/drivers/hw_cc310/lib..__nrf__drivers__hw_cc310.a(hw_cc310.c.obj)
                0x00000000000054c4                __init_PRE_KERNEL_2_start = .
 *(SORT_BY_NAME(SORT_BY_ALIGNMENT(.z_init_PRE_KERNEL_2?_*)))
 *(SORT_BY_NAME(SORT_BY_ALIGNMENT(.z_init_PRE_KERNEL_2??_*)))
                0x00000000000054c4                __init_POST_KERNEL_start = .
 *(SORT_BY_NAME(SORT_BY_ALIGNMENT(.z_init_POST_KERNEL?_*)))
 *(SORT_BY_NAME(SORT_BY_ALIGNMENT(.z_init_POST_KERNEL??_*)))
 .z_init_POST_KERNEL40_0_
                0x00000000000054c4        0x8 modules/nrf/drivers/hw_cc310/lib..__nrf__drivers__hw_cc310.a(hw_cc310.c.obj)
 .z_init_POST_KERNEL41_00129_
                0x00000000000054cc        0x8 zephyr/drivers/flash/libdrivers__flash.a(nrf_qspi_nor.c.obj)
 .z_init_POST_KERNEL50_00118_
                0x00000000000054d4        0x8 zephyr/drivers/flash/libdrivers__flash.a(soc_flash_nrf.c.obj)
                0x00000000000054dc                __init_APPLICATION_start = .
 *(SORT_BY_NAME(SORT_BY_ALIGNMENT(.z_init_APPLICATION?_*)))
 *(SORT_BY_NAME(SORT_BY_ALIGNMENT(.z_init_APPLICATION??_*)))
                0x00000000000054dc                __init_SMP_start = .
 *(SORT_BY_NAME(SORT_BY_ALIGNMENT(.z_init_SMP?_*)))
 *(SORT_BY_NAME(SORT_BY_ALIGNMENT(.z_init_SMP??_*)))
                0x00000000000054dc                __init_end = .

device_area     0x00000000000054dc       0x3c
                0x00000000000054dc                _device_list_start = .
 *(SORT_BY_NAME(SORT_BY_ALIGNMENT(._device.static.*_?_*)))
 *(SORT_BY_NAME(SORT_BY_ALIGNMENT(._device.static.*_??_*)))
 ._device.static.1_30_
                0x00000000000054dc       0x14 zephyr/drivers/clock_control/libdrivers__clock_control.a(clock_control_nrf.c.obj)
                0x00000000000054dc                __device_dts_ord_74
 ._device.static.3_41_
                0x00000000000054f0       0x14 zephyr/drivers/flash/libdrivers__flash.a(nrf_qspi_nor.c.obj)
                0x00000000000054f0                __device_dts_ord_129
 ._device.static.3_50_
                0x0000000000005504       0x14 zephyr/drivers/flash/libdrivers__flash.a(soc_flash_nrf.c.obj)
                0x0000000000005504                __device_dts_ord_118
                0x0000000000005518                _device_list_end = .

sw_isr_table    0x0000000000005518      0x180
                0x0000000000005518                . = ALIGN (0x4)
 *(SORT_BY_ALIGNMENT(.gnu.linkonce.sw_isr_table*))
 .gnu.linkonce.sw_isr_table
                0x0000000000005518      0x180 zephyr/CMakeFiles/zephyr_final.dir/isr_tables.c.obj
                0x0000000000005518                _sw_isr_table

initlevel_error
                0x00000000000054ac        0x0
 *(SORT_BY_NAME(SORT_BY_ALIGNMENT(.z_init_[_A-Z0-9]*)))
                0x0000000000000001                ASSERT ((SIZEOF (initlevel_error) == 0x0), Undefined initialization levels used.)

app_shmem_regions
                0x0000000000005698        0x0
                0x0000000000005698                __app_shmem_regions_start = .
 *(SORT_BY_NAME(SORT_BY_ALIGNMENT(.app_regions.*)))
                0x0000000000005698                __app_shmem_regions_end = .

k_p4wq_initparam_area
                0x0000000000005698        0x0
                0x0000000000005698                _k_p4wq_initparam_list_start = .
 *(SORT_BY_NAME(SORT_BY_ALIGNMENT(._k_p4wq_initparam.static.*)))
                0x0000000000005698                _k_p4wq_initparam_list_end = .

_static_thread_data_area
                0x0000000000005698        0x0
                0x0000000000005698                __static_thread_data_list_start = .
 *(SORT_BY_NAME(SORT_BY_ALIGNMENT(.__static_thread_data.static.*)))
                0x0000000000005698                __static_thread_data_list_end = .

device_deps     0x0000000000005698        0x0
                0x0000000000005698                __device_deps_start = .
 *(SORT_BY_NAME(SORT_BY_ALIGNMENT(.__device_deps_pass2*)))
                0x0000000000005698                __device_deps_end = .

ztest           0x0000000000005698        0x0
                0x0000000000005698                _ztest_expected_result_entry_list_start = .
 *(SORT_BY_NAME(SORT_BY_ALIGNMENT(._ztest_expected_result_entry.static.*)))
                0x0000000000005698                _ztest_expected_result_entry_list_end = .
                0x0000000000005698                _ztest_suite_node_list_start = .
 *(SORT_BY_NAME(SORT_BY_ALIGNMENT(._ztest_suite_node.static.*)))
                0x0000000000005698                _ztest_suite_node_list_end = .
                0x0000000000005698                _ztest_unit_test_list_start = .
 *(SORT_BY_NAME(SORT_BY_ALIGNMENT(._ztest_unit_test.static.*)))
                0x0000000000005698                _ztest_unit_test_list_end = .
                0x0000000000005698                _ztest_test_rule_list_start = .
 *(SORT_BY_NAME(SORT_BY_ALIGNMENT(._ztest_test_rule.static.*)))
                0x0000000000005698                _ztest_test_rule_list_end = .

bt_l2cap_fixed_chan_area
                0x0000000000005698        0x0
                0x0000000000005698                _bt_l2cap_fixed_chan_list_start = .
 *(SORT_BY_NAME(SORT_BY_ALIGNMENT(._bt_l2cap_fixed_chan.static.*)))
                0x0000000000005698                _bt_l2cap_fixed_chan_list_end = .

bt_gatt_service_static_area
                0x0000000000005698        0x0
                0x0000000000005698                _bt_gatt_service_static_list_start = .
 *(SORT_BY_NAME(SORT_BY_ALIGNMENT(._bt_gatt_service_static.static.*)))
                0x0000000000005698                _bt_gatt_service_static_list_end = .

log_strings_area
                0x0000000000005698        0x0
                0x0000000000005698                _log_strings_list_start = .
 *(SORT_BY_NAME(SORT_BY_ALIGNMENT(._log_strings.static.*)))
                0x0000000000005698                _log_strings_list_end = .

log_const_area  0x0000000000005698       0x50
                0x0000000000005698                _log_const_list_start = .
 *(SORT_BY_NAME(SORT_BY_ALIGNMENT(._log_const.static.*)))
 ._log_const.static.log_const_NRFX_CLOCK_
                0x0000000000005698        0x8 modules/hal_nordic/nrfx/libmodules__hal_nordic__nrfx.a(nrfx_clock.c.obj)
                0x0000000000005698                log_const_NRFX_CLOCK
 ._log_const.static.log_const_NRFX_WDT_
                0x00000000000056a0        0x8 modules/hal_nordic/nrfx/libmodules__hal_nordic__nrfx.a(nrfx_wdt.c.obj)
                0x00000000000056a0                log_const_NRFX_WDT
 ._log_const.static.log_const_cbprintf_package_
                0x00000000000056a8        0x8 zephyr/libzephyr.a(cbprintf_packaged.c.obj)
                0x00000000000056a8                log_const_cbprintf_package
 ._log_const.static.log_const_clock_control_
                0x00000000000056b0        0x8 zephyr/drivers/clock_control/libdrivers__clock_control.a(clock_control_nrf.c.obj)
                0x00000000000056b0                log_const_clock_control
 ._log_const.static.log_const_fatal_error_
                0x00000000000056b8        0x8 modules/nrf/lib/fatal_error/lib..__nrf__lib__fatal_error.a(fatal_error.c.obj)
                0x00000000000056b8                log_const_fatal_error
 ._log_const.static.log_const_flash_nrf_
                0x00000000000056c0        0x8 zephyr/drivers/flash/libdrivers__flash.a(soc_flash_nrf.c.obj)
                0x00000000000056c0                log_const_flash_nrf
 ._log_const.static.log_const_mpu_
                0x00000000000056c8        0x8 zephyr/arch/arch/arm/core/aarch32/mpu/libarch__arm__core__aarch32__mpu.a(arm_core_mpu.c.obj)
                0x00000000000056c8                log_const_mpu
 ._log_const.static.log_const_os_
                0x00000000000056d0        0x8 zephyr/kernel/libkernel.a(init.c.obj)
                0x00000000000056d0                log_const_os
 ._log_const.static.log_const_qspi_nor_
                0x00000000000056d8        0x8 zephyr/drivers/flash/libdrivers__flash.a(nrf_qspi_nor.c.obj)
                0x00000000000056d8                log_const_qspi_nor
 ._log_const.static.log_const_soc_
                0x00000000000056e0        0x8 zephyr/soc/soc/arm/nordic_nrf/nrf52/libsoc__arm__nordic_nrf__nrf52.a(soc.c.obj)
                0x00000000000056e0                log_const_soc
                0x00000000000056e8                _log_const_list_end = .

log_backend_area
                0x00000000000056e8        0x0
                0x00000000000056e8                _log_backend_list_start = .
 *(SORT_BY_NAME(SORT_BY_ALIGNMENT(._log_backend.static.*)))
                0x00000000000056e8                _log_backend_list_end = .

log_link_area   0x00000000000056e8        0x0
                0x00000000000056e8                _log_link_list_start = .
 *(SORT_BY_NAME(SORT_BY_ALIGNMENT(._log_link.static.*)))
                0x00000000000056e8                _log_link_list_end = .

tracing_backend_area
                0x00000000000056e8        0x0
                0x00000000000056e8                _tracing_backend_list_start = .
 *(SORT_BY_NAME(SORT_BY_ALIGNMENT(._tracing_backend.static.*)))
                0x00000000000056e8                _tracing_backend_list_end = .

zephyr_dbg_info
 *(SORT_BY_ALIGNMENT(.dbg_thread_info))

symbol_to_keep  0x00000000000056e8        0x0
                0x00000000000056e8                __symbol_to_keep_start = .
 *(SORT_BY_NAME(SORT_BY_ALIGNMENT(.symbol_to_keep*)))
                0x00000000000056e8                __symbol_to_keep_end = .

shell_area      0x00000000000056e8        0x0
                0x00000000000056e8                _shell_list_start = .
 *(SORT_BY_NAME(SORT_BY_ALIGNMENT(._shell.static.*)))
                0x00000000000056e8                _shell_list_end = .

shell_root_cmds_area
                0x00000000000056e8        0x0
                0x00000000000056e8                _shell_root_cmds_list_start = .
 *(SORT_BY_NAME(SORT_BY_ALIGNMENT(._shell_root_cmds.static.*)))
                0x00000000000056e8                _shell_root_cmds_list_end = .

shell_subcmds_area
                0x00000000000056e8        0x0
                0x00000000000056e8                _shell_subcmds_list_start = .
 *(SORT_BY_NAME(SORT_BY_ALIGNMENT(._shell_subcmds.static.*)))
                0x00000000000056e8                _shell_subcmds_list_end = .

shell_dynamic_subcmds_area
                0x00000000000056e8        0x0
                0x00000000000056e8                _shell_dynamic_subcmds_list_start = .
 *(SORT_BY_NAME(SORT_BY_ALIGNMENT(._shell_dynamic_subcmds.static.*)))
                0x00000000000056e8                _shell_dynamic_subcmds_list_end = .

cfb_font_area   0x00000000000056e8        0x0
                0x00000000000056e8                _cfb_font_list_start = .
 *(SORT_BY_NAME(SORT_BY_ALIGNMENT(._cfb_font.static.*)))
                0x00000000000056e8                _cfb_font_list_end = .

rodata          0x00000000000056f0      0x4d8
 *(SORT_BY_ALIGNMENT(.rodata))
 .rodata        0x00000000000056f0       0x10 C:/ncs/v2.5.0/nrfxlib/crypto/nrf_cc310_bl/lib/cortex-m4/hard-float/no-interrupts/libnrf_cc310_bl_0.9.12.a(nrf_cc310_bl_hash_sha256.c.obj)
 *(SORT_BY_ALIGNMENT(.rodata.*))
 .rodata.delay_machine_code.0
                0x0000000000005700        0x6 zephyr/soc/soc/arm/nordic_nrf/nrf52/libsoc__arm__nordic_nrf__nrf52.a(soc.c.obj)
 *fill*         0x0000000000005706        0x2 
 .rodata.all_slots.0
                0x0000000000005708        0x8 app/libapp.a(flash_map_extended.c.obj)
 .rodata.bootutil_key_cnt
                0x0000000000005710        0x4 app/libapp.a(keys.c.obj)
                0x0000000000005710                bootutil_key_cnt
 .rodata.bootutil_keys
                0x0000000000005714        0x8 app/libapp.a(keys.c.obj)
                0x0000000000005714                bootutil_keys
 .rodata.all_slots.0
                0x000000000000571c        0x8 app/libapp.a(bootutil_misc.c.obj)
 .rodata.all_slots.0
                0x0000000000005724        0x8 app/libapp.a(swap_misc.c.obj)
 .rodata.ecdsa_pub_key_len
                0x000000000000572c        0x4 app/libapp.a(autogen-pubkey.c.obj)
                0x000000000000572c                ecdsa_pub_key_len
 .rodata.flash_map_entries
                0x0000000000005730        0x4 zephyr/libzephyr.a(flash_map_partition_manager.c.obj)
                0x0000000000005730                flash_map_entries
 .rodata.default_flash_map
                0x0000000000005734       0x90 zephyr/libzephyr.a(flash_map_partition_manager.c.obj)
                0x0000000000005734                default_flash_map
 .rodata.apis   0x00000000000057c4        0x8 zephyr/libzephyr.a(nrf_cc3xx_platform_abort_zephyr.c.obj)
 .rodata.static_regions
                0x00000000000057cc       0x18 zephyr/arch/arch/arm/core/aarch32/mpu/libarch__arm__core__aarch32__mpu.a(arm_core_mpu.c.obj)
 .rodata.mpu_config
                0x00000000000057e4        0x8 zephyr/soc/soc/arm/common/cortex_m/libsoc__arm__common__cortex_m.a(arm_mpu_regions.c.obj)
                0x00000000000057e4                mpu_config
 .rodata.mpu_regions
                0x00000000000057ec       0x18 zephyr/soc/soc/arm/common/cortex_m/libsoc__arm__common__cortex_m.a(arm_mpu_regions.c.obj)
 .rodata.transitions.0
                0x0000000000005804        0xc zephyr/drivers/clock_control/libdrivers__clock_control.a(clock_control_nrf.c.obj)
 .rodata.config
                0x0000000000005810       0x10 zephyr/drivers/clock_control/libdrivers__clock_control.a(clock_control_nrf.c.obj)
 .rodata.clock_control_api
                0x0000000000005820       0x1c zephyr/drivers/clock_control/libdrivers__clock_control.a(clock_control_nrf.c.obj)
 .rodata.qspi_flash_parameters.0
                0x000000000000583c        0x8 zephyr/drivers/flash/libdrivers__flash.a(nrf_qspi_nor.c.obj)
 .rodata.qspi_nor_dev_config
                0x0000000000005844       0x34 zephyr/drivers/flash/libdrivers__flash.a(nrf_qspi_nor.c.obj)
 .rodata.__pinctrl_dev_config__device_dts_ord_128
                0x0000000000005878        0xc zephyr/drivers/flash/libdrivers__flash.a(nrf_qspi_nor.c.obj)
 .rodata.__pinctrl_states__device_dts_ord_128
                0x0000000000005884        0x8 zephyr/drivers/flash/libdrivers__flash.a(nrf_qspi_nor.c.obj)
 .rodata.__pinctrl_state_pins_0__device_dts_ord_128
                0x000000000000588c       0x18 zephyr/drivers/flash/libdrivers__flash.a(nrf_qspi_nor.c.obj)
 .rodata.qspi_nor_api
                0x00000000000058a4       0x14 zephyr/drivers/flash/libdrivers__flash.a(nrf_qspi_nor.c.obj)
 .rodata.dev_layout
                0x00000000000058b8        0x8 zephyr/drivers/flash/libdrivers__flash.a(nrf_qspi_nor.c.obj)
 .rodata.flash_nrf_api
                0x00000000000058c0       0x14 zephyr/drivers/flash/libdrivers__flash.a(soc_flash_nrf.c.obj)
 .rodata.flash_nrf_parameters
                0x00000000000058d4        0x8 zephyr/drivers/flash/libdrivers__flash.a(soc_flash_nrf.c.obj)
 .rodata.all_slots.0
                0x00000000000058dc        0x8 modules/mcuboot/boot/bootutil/zephyr/libmcuboot_util.a(bootutil_public.c.obj)
 .rodata.levels.0
                0x00000000000058e4       0x18 zephyr/kernel/libkernel.a(init.c.obj)
 .rodata.CSWTCH.10
                0x00000000000058fc       0x1c C:/ncs/v2.5.0/nrfxlib/crypto/nrf_cc310_platform/lib/cortex-m4/hard-float/no-interrupts/libnrf_cc310_platform_0.9.18.a(nrf_cc3xx_platform.c.obj)
 .rodata.CC_PalPowerSaveModeInit.str1.4
                0x0000000000005918       0x20 C:/ncs/v2.5.0/nrfxlib/crypto/nrf_cc310_platform/lib/cortex-m4/hard-float/no-interrupts/libnrf_cc310_platform_0.9.18.a(cc_pal_pm.c.obj)
 .rodata.mutex_free.str1.4
                0x0000000000005938       0x26 C:/ncs/v2.5.0/nrfxlib/crypto/nrf_cc310_platform/lib/cortex-m4/hard-float/no-interrupts/libnrf_cc310_platform_0.9.18.a(nrf_cc3xx_platform_mutex.c.obj)
 *fill*         0x000000000000595e        0x2 
 .rodata.mutex_init.str1.4
                0x0000000000005960       0x23 C:/ncs/v2.5.0/nrfxlib/crypto/nrf_cc310_platform/lib/cortex-m4/hard-float/no-interrupts/libnrf_cc310_platform_0.9.18.a(nrf_cc3xx_platform_mutex.c.obj)
 *fill*         0x0000000000005983        0x1 
 .rodata.domain_secp256r1
                0x0000000000005984       0xcc C:/ncs/v2.5.0/nrfxlib/crypto/nrf_cc310_bl/lib/cortex-m4/hard-float/no-interrupts/libnrf_cc310_bl_0.9.12.a(nrf_cc310_bl_ecdsa_verify_secp256r1.c.obj)
                0x0000000000005984                domain_secp256r1
 .rodata.NRF_CC310_BL_HASH_LARVAL_SHA256
                0x0000000000005a50       0x20 C:/ncs/v2.5.0/nrfxlib/crypto/nrf_cc310_bl/lib/cortex-m4/hard-float/no-interrupts/libnrf_cc310_bl_0.9.12.a(nrf_cc310_bl_hash_sha256.c.obj)
                0x0000000000005a50                NRF_CC310_BL_HASH_LARVAL_SHA256
 .rodata.CSWTCH.2187
                0x0000000000005a70       0x16 zephyr/drivers/flash/libdrivers__flash.a(nrf_qspi_nor.c.obj)
 .rodata.boot_img_magic
                0x0000000000005a86       0x10 modules/mcuboot/boot/bootutil/zephyr/libmcuboot_util.a(bootutil_public.c.obj)
                0x0000000000005a86                boot_img_magic
 .rodata.ec_secp256r1_oid
                0x0000000000005a96        0x9 app/libapp.a(image_ecdsa.c.obj)
 .rodata.ec_pubkey_oid
                0x0000000000005a9f        0x8 app/libapp.a(image_ecdsa.c.obj)
 .rodata.ecdsa_pub_key
                0x0000000000005aa7       0x5b app/libapp.a(autogen-pubkey.c.obj)
                0x0000000000005aa7                ecdsa_pub_key
 .rodata.str1.1
                0x0000000000005b02       0x11 zephyr/libzephyr.a(cbprintf_packaged.c.obj)
 .rodata.str1.1
                0x0000000000005b13        0x4 zephyr/arch/arch/arm/core/aarch32/mpu/libarch__arm__core__aarch32__mpu.a(arm_core_mpu.c.obj)
 .rodata.str1.1
                0x0000000000005b17        0xf zephyr/soc/soc/arm/common/cortex_m/libsoc__arm__common__cortex_m.a(arm_mpu_regions.c.obj)
 .rodata.CSWTCH.5
                0x0000000000005b26        0x6 zephyr/soc/soc/arm/nordic_nrf/nrf52/libsoc__arm__nordic_nrf__nrf52.a(soc.c.obj)
 .rodata.str1.1
                0x0000000000005b2c        0x4 zephyr/soc/soc/arm/nordic_nrf/nrf52/libsoc__arm__nordic_nrf__nrf52.a(soc.c.obj)
 .rodata.str1.1
                0x0000000000005b30       0x1d zephyr/drivers/clock_control/libdrivers__clock_control.a(clock_control_nrf.c.obj)
 .rodata.str1.1
                0x0000000000005b4d       0x16 zephyr/drivers/flash/libdrivers__flash.a(nrf_qspi_nor.c.obj)
 .rodata.str1.1
                0x0000000000005b63       0x24 zephyr/drivers/flash/libdrivers__flash.a(soc_flash_nrf.c.obj)
 .rodata.str1.1
                0x0000000000005b87        0xc modules/nrf/lib/fatal_error/lib..__nrf__lib__fatal_error.a(fatal_error.c.obj)
 .rodata.boot_swap_tables
                0x0000000000005b93       0x12 modules/mcuboot/boot/bootutil/zephyr/libmcuboot_util.a(bootutil_public.c.obj)
 .rodata.CSWTCH.15
                0x0000000000005ba5        0x6 modules/hal_nordic/nrfx/libmodules__hal_nordic__nrfx.a(system_nrf52840.c.obj)
 .rodata.CSWTCH.6
                0x0000000000005bab        0x6 modules/hal_nordic/nrfx/libmodules__hal_nordic__nrfx.a(system_nrf52840.c.obj)
 .rodata.str1.1
                0x0000000000005bb1        0xb modules/hal_nordic/nrfx/libmodules__hal_nordic__nrfx.a(nrfx_clock.c.obj)
 .rodata.str1.1
                0x0000000000005bbc        0x9 modules/hal_nordic/nrfx/libmodules__hal_nordic__nrfx.a(nrfx_wdt.c.obj)
 .rodata.str1.1
                0x0000000000005bc5        0x3 zephyr/kernel/libkernel.a(init.c.obj)
 *(SORT_BY_ALIGNMENT(.gnu.linkonce.r.*))
                0x0000000000005bc8                . = ALIGN (0x4)
                0x0000000000005bc8                __rodata_region_end = .
                0x0000000000005be0                . = ALIGN (_region_min_align)
                0x0000000000008000                . = ALIGN ((0x1 << LOG2CEIL ((__rodata_region_end - ADDR (rom_start)))))
                0x0000000000008000                __rom_region_end = ((__rom_region_start + .) - ADDR (rom_start))

/DISCARD/
 *(SORT_BY_ALIGNMENT(.got.plt))
 *(SORT_BY_ALIGNMENT(.igot.plt))
 *(SORT_BY_ALIGNMENT(.got))
 *(SORT_BY_ALIGNMENT(.igot))
                0x0000000020000000                . = 0x20000000
                0x0000000020000000                . = ALIGN (_region_min_align)
                0x0000000020000000                _image_ram_start = .

.ramfunc        0x0000000020000000        0x0 load address 0x0000000000005bc8
                0x0000000020000000                . = ALIGN (_region_min_align)
                0x0000000020000000                . = ALIGN ((0x1 << LOG2CEIL (__ramfunc_size)))
                0x0000000020000000                __ramfunc_start = .
 *(SORT_BY_ALIGNMENT(.ramfunc))
 *(SORT_BY_ALIGNMENT(.ramfunc.*))
                0x0000000020000000                . = ALIGN (_region_min_align)
                0x0000000020000000                . = ALIGN ((0x1 << LOG2CEIL (__ramfunc_size)))
                0x0000000020000000                __ramfunc_end = .
                0x0000000000000000                __ramfunc_size = (__ramfunc_end - __ramfunc_start)
                0x0000000000005bc8                __ramfunc_load_start = LOADADDR (.ramfunc)

datas           0x0000000020000000       0x6c load address 0x0000000000005bc8
                0x0000000020000000                __data_region_start = .
                0x0000000020000000                __data_start = .
 *(SORT_BY_ALIGNMENT(.data))
 *(SORT_BY_ALIGNMENT(.data.*))
 .data.FIH_NO_BOOTABLE_IMAGE
                0x0000000020000000        0x4 app/libapp.a(fault_injection_hardening.c.obj)
                0x0000000020000000                FIH_NO_BOOTABLE_IMAGE
 .data.FIH_FAILURE
                0x0000000020000004        0x4 app/libapp.a(fault_injection_hardening.c.obj)
                0x0000000020000004                FIH_FAILURE
 .data.flash_map
                0x0000000020000008        0x4 zephyr/libzephyr.a(flash_map_partition_manager.c.obj)
                0x0000000020000008                flash_map
 .data.platform_abort_apis
                0x000000002000000c        0x8 C:/ncs/v2.5.0/nrfxlib/crypto/nrf_cc310_platform/lib/cortex-m4/hard-float/no-interrupts/libnrf_cc310_platform_0.9.18.a(nrf_cc3xx_platform_abort.c.obj)
                0x000000002000000c                platform_abort_apis
 .data.pCCRndCryptoMutex
                0x0000000020000014        0x4 C:/ncs/v2.5.0/nrfxlib/crypto/nrf_cc310_platform/lib/cortex-m4/hard-float/no-interrupts/libnrf_cc310_platform_0.9.18.a(cc_pal.c.obj)
                0x0000000020000014                pCCRndCryptoMutex
 .data.CCPowerMutex
                0x0000000020000018        0x4 C:/ncs/v2.5.0/nrfxlib/crypto/nrf_cc310_platform/lib/cortex-m4/hard-float/no-interrupts/libnrf_cc310_platform_0.9.18.a(cc_pal.c.obj)
                0x0000000020000018                CCPowerMutex
 .data.CCRndCryptoMutex
                0x000000002000001c        0x4 C:/ncs/v2.5.0/nrfxlib/crypto/nrf_cc310_platform/lib/cortex-m4/hard-float/no-interrupts/libnrf_cc310_platform_0.9.18.a(cc_pal.c.obj)
                0x000000002000001c                CCRndCryptoMutex
 .data.CCAsymCryptoMutex
                0x0000000020000020        0x4 C:/ncs/v2.5.0/nrfxlib/crypto/nrf_cc310_platform/lib/cortex-m4/hard-float/no-interrupts/libnrf_cc310_platform_0.9.18.a(cc_pal.c.obj)
                0x0000000020000020                CCAsymCryptoMutex
 .data.CCSymCryptoMutex
                0x0000000020000024        0x4 C:/ncs/v2.5.0/nrfxlib/crypto/nrf_cc310_platform/lib/cortex-m4/hard-float/no-interrupts/libnrf_cc310_platform_0.9.18.a(cc_pal.c.obj)
                0x0000000020000024                CCSymCryptoMutex
 .data.platform_mutexes
                0x0000000020000028       0x14 C:/ncs/v2.5.0/nrfxlib/crypto/nrf_cc310_platform/lib/cortex-m4/hard-float/no-interrupts/libnrf_cc310_platform_0.9.18.a(nrf_cc3xx_platform_mutex.c.obj)
                0x0000000020000028                platform_mutexes
 .data.platform_mutex_apis
                0x000000002000003c       0x10 C:/ncs/v2.5.0/nrfxlib/crypto/nrf_cc310_platform/lib/cortex-m4/hard-float/no-interrupts/libnrf_cc310_platform_0.9.18.a(nrf_cc3xx_platform_mutex.c.obj)
                0x000000002000003c                platform_mutex_apis
 .data.power_mutex
                0x000000002000004c        0x8 C:/ncs/v2.5.0/nrfxlib/crypto/nrf_cc310_platform/lib/cortex-m4/hard-float/no-interrupts/libnrf_cc310_platform_0.9.18.a(nrf_cc3xx_platform_mutex.c.obj)
 .data.rng_mutex
                0x0000000020000054        0x8 C:/ncs/v2.5.0/nrfxlib/crypto/nrf_cc310_platform/lib/cortex-m4/hard-float/no-interrupts/libnrf_cc310_platform_0.9.18.a(nrf_cc3xx_platform_mutex.c.obj)
 .data.asym_mutex
                0x000000002000005c        0x8 C:/ncs/v2.5.0/nrfxlib/crypto/nrf_cc310_platform/lib/cortex-m4/hard-float/no-interrupts/libnrf_cc310_platform_0.9.18.a(nrf_cc3xx_platform_mutex.c.obj)
 .data.sym_mutex
                0x0000000020000064        0x8 C:/ncs/v2.5.0/nrfxlib/crypto/nrf_cc310_platform/lib/cortex-m4/hard-float/no-interrupts/libnrf_cc310_platform_0.9.18.a(nrf_cc3xx_platform_mutex.c.obj)
 *(SORT_BY_ALIGNMENT(.kernel.*))
                0x000000002000006c                __data_end = .
                0x000000000000006c                __data_size = (__data_end - __data_start)
                0x0000000000005bc8                __data_load_start = LOADADDR (datas)
                0x0000000000005bc8                __data_region_load_start = LOADADDR (datas)

device_states   0x000000002000006c        0x6 load address 0x0000000000005c34
                0x000000002000006c                __device_states_start = .
 *(SORT_BY_ALIGNMENT(.z_devstate))
 .z_devstate    0x000000002000006c        0x2 zephyr/drivers/clock_control/libdrivers__clock_control.a(clock_control_nrf.c.obj)
 .z_devstate    0x000000002000006e        0x2 zephyr/drivers/flash/libdrivers__flash.a(nrf_qspi_nor.c.obj)
 .z_devstate    0x0000000020000070        0x2 zephyr/drivers/flash/libdrivers__flash.a(soc_flash_nrf.c.obj)
 *(SORT_BY_ALIGNMENT(.z_devstate.*))
                0x0000000020000072                __device_states_end = .

log_mpsc_pbuf_area
                0x0000000020000072        0x0 load address 0x0000000000005c3a
                0x0000000020000072                _log_mpsc_pbuf_list_start = .
 *(SORT_BY_NAME(SORT_BY_ALIGNMENT(._log_mpsc_pbuf.static.*)))
                0x0000000020000072                _log_mpsc_pbuf_list_end = .

log_msg_ptr_area
                0x0000000020000072        0x0 load address 0x0000000000005c3a
                0x0000000020000072                _log_msg_ptr_list_start = .
 *(SORT_BY_NAME(SORT_BY_ALIGNMENT(._log_msg_ptr.static.*)))
                0x0000000020000072                _log_msg_ptr_list_end = .

log_dynamic_area
                0x0000000020000072        0x0 load address 0x0000000000005c3a
                0x0000000020000072                _log_dynamic_list_start = .
 *(SORT_BY_NAME(SORT_BY_ALIGNMENT(._log_dynamic.static.*)))
                0x0000000020000072                _log_dynamic_list_end = .

k_timer_area    0x0000000020000072        0x0 load address 0x0000000000005c3a
                0x0000000020000072                _k_timer_list_start = .
 *(SORT_BY_NAME(SORT_BY_ALIGNMENT(._k_timer.static.*)))
                0x0000000020000072                _k_timer_list_end = .

k_mem_slab_area
                0x0000000020000072        0x0 load address 0x0000000000005c3a
                0x0000000020000072                _k_mem_slab_list_start = .
 *(SORT_BY_NAME(SORT_BY_ALIGNMENT(._k_mem_slab.static.*)))
                0x0000000020000072                _k_mem_slab_list_end = .

k_heap_area     0x0000000020000072        0x0 load address 0x0000000000005c3a
                0x0000000020000072                _k_heap_list_start = .
 *(SORT_BY_NAME(SORT_BY_ALIGNMENT(._k_heap.static.*)))
                0x0000000020000072                _k_heap_list_end = .

k_mutex_area    0x0000000020000072        0x0 load address 0x0000000000005c3a
                0x0000000020000072                _k_mutex_list_start = .
 *(SORT_BY_NAME(SORT_BY_ALIGNMENT(._k_mutex.static.*)))
                0x0000000020000072                _k_mutex_list_end = .

k_stack_area    0x0000000020000072        0x0 load address 0x0000000000005c3a
                0x0000000020000072                _k_stack_list_start = .
 *(SORT_BY_NAME(SORT_BY_ALIGNMENT(._k_stack.static.*)))
                0x0000000020000072                _k_stack_list_end = .

k_msgq_area     0x0000000020000072        0x0 load address 0x0000000000005c3a
                0x0000000020000072                _k_msgq_list_start = .
 *(SORT_BY_NAME(SORT_BY_ALIGNMENT(._k_msgq.static.*)))
                0x0000000020000072                _k_msgq_list_end = .

k_mbox_area     0x0000000020000072        0x0 load address 0x0000000000005c3a
                0x0000000020000072                _k_mbox_list_start = .
 *(SORT_BY_NAME(SORT_BY_ALIGNMENT(._k_mbox.static.*)))
                0x0000000020000072                _k_mbox_list_end = .

k_pipe_area     0x0000000020000072        0x0 load address 0x0000000000005c3a
                0x0000000020000072                _k_pipe_list_start = .
 *(SORT_BY_NAME(SORT_BY_ALIGNMENT(._k_pipe.static.*)))
                0x0000000020000072                _k_pipe_list_end = .

k_sem_area      0x0000000020000072        0x0 load address 0x0000000000005c3a
                0x0000000020000072                _k_sem_list_start = .
 *(SORT_BY_NAME(SORT_BY_ALIGNMENT(._k_sem.static.*)))
                0x0000000020000072                _k_sem_list_end = .

k_event_area    0x0000000020000072        0x0 load address 0x0000000000005c3a
                0x0000000020000072                _k_event_list_start = .
 *(SORT_BY_NAME(SORT_BY_ALIGNMENT(._k_event.static.*)))
                0x0000000020000072                _k_event_list_end = .

k_queue_area    0x0000000020000072        0x0 load address 0x0000000000005c3a
                0x0000000020000072                _k_queue_list_start = .
 *(SORT_BY_NAME(SORT_BY_ALIGNMENT(._k_queue.static.*)))
                0x0000000020000072                _k_queue_list_end = .

k_condvar_area  0x0000000020000072        0x0 load address 0x0000000000005c3a
                0x0000000020000072                _k_condvar_list_start = .
 *(SORT_BY_NAME(SORT_BY_ALIGNMENT(._k_condvar.static.*)))
                0x0000000020000072                _k_condvar_list_end = .

net_buf_pool_area
                0x0000000020000072        0x0 load address 0x0000000000005c3a
                0x0000000020000072                _net_buf_pool_list_start = .
 *(SORT_BY_NAME(SORT_BY_ALIGNMENT(._net_buf_pool.static.*)))
                0x0000000020000072                _net_buf_pool_list_end = .
                0x0000000020000072                __data_region_end = .

bss             0x0000000020000074      0xe97
                0x0000000020000074                . = ALIGN (0x4)
                0x0000000020000074                __bss_start = .
                0x0000000020000074                __kernel_ram_start = .
 *(SORT_BY_ALIGNMENT(.bss))
 *(SORT_BY_ALIGNMENT(.bss.*))
 .bss.FIH_SUCCESS
                0x0000000020000074        0x4 app/libapp.a(fault_injection_hardening.c.obj)
                0x0000000020000074                FIH_SUCCESS
 .bss.secondary_slot_sectors.2
                0x0000000020000078      0x400 app/libapp.a(loader.c.obj)
 .bss.primary_slot_sectors.3
                0x0000000020000478      0x400 app/libapp.a(loader.c.obj)
 .bss.buf.4     0x0000000020000878      0x400 app/libapp.a(loader.c.obj)
 .bss.boot_data
                0x0000000020000c78       0x60 app/libapp.a(loader.c.obj)
 .bss.boot_status_fails
                0x0000000020000cd8        0x4 app/libapp.a(swap_move.c.obj)
                0x0000000020000cd8                boot_status_fails
 .bss.data      0x0000000020000cdc       0x50 zephyr/drivers/clock_control/libdrivers__clock_control.a(clock_control_nrf.c.obj)
 .bss.hfclk_users
                0x0000000020000d2c        0x4 zephyr/drivers/clock_control/libdrivers__clock_control.a(clock_control_nrf.c.obj)
 .bss.dev_layout
                0x0000000020000d30        0x8 zephyr/drivers/flash/libdrivers__flash.a(soc_flash_nrf.c.obj)
 .bss.idx.0     0x0000000020000d38        0x4 modules/nrf/lib/fprotect/lib..__nrf__lib__fprotect.a(fprotect_acl.c.obj)
 .bss.m_clock_cb
                0x0000000020000d3c        0x8 modules/hal_nordic/nrfx/libmodules__hal_nordic__nrfx.a(nrfx_clock.c.obj)
 .bss.m_cb      0x0000000020000d44       0x34 modules/hal_nordic/nrfx/libmodules__hal_nordic__nrfx.a(nrfx_qspi.c.obj)
 .bss.z_main_thread
                0x0000000020000d78       0x74 zephyr/kernel/libkernel.a(init.c.obj)
                0x0000000020000d78                z_main_thread
 .bss.nrf_cc3xx_platform_initialized
                0x0000000020000dec        0x4 C:/ncs/v2.5.0/nrfxlib/crypto/nrf_cc310_platform/lib/cortex-m4/hard-float/no-interrupts/libnrf_cc310_platform_0.9.18.a(nrf_cc3xx_platform.c.obj)
 .bss.use_count
                0x0000000020000df0        0x4 C:/ncs/v2.5.0/nrfxlib/crypto/nrf_cc310_platform/lib/cortex-m4/hard-float/no-interrupts/libnrf_cc310_platform_0.9.18.a(cc_pal_pm.c.obj)
 .bss.power_mutex_int
                0x0000000020000df4        0x4 C:/ncs/v2.5.0/nrfxlib/crypto/nrf_cc310_platform/lib/cortex-m4/hard-float/no-interrupts/libnrf_cc310_platform_0.9.18.a(nrf_cc3xx_platform_mutex.c.obj)
 .bss.rng_mutex_int